******************************************************************************
                  TI ARM Linker PC v18.12.2                    
******************************************************************************
>> Linked Wed May  7 17:00:41 2025

OUTPUT FILE NAME:   <saber.out>
ENTRY POINT SYMBOL: "_c_int00_noargs"  address: 00003fb9


MEMORY CONFIGURATION

         name            origin    length      used     unused   attr    fill
----------------------  --------  ---------  --------  --------  ----  --------
  FLASH                 00000000   00100000  00004668  000fb998  R  X
  SRAM                  20000000   00040000  0000843c  00037bc4  RW X


SEGMENT ALLOCATION MAP

run origin  load origin   length   init length attrs members
----------  ----------- ---------- ----------- ----- -------
00000000    00000000    00004670   00004670    r-x
  00000000    00000000    00000200   00000200    r-- .intvecs
  00000200    00000200    000040c4   000040c4    r-x .text
  000042c8    000042c8    0000036c   0000036c    r-- .const
  00004638    00004638    00000038   00000038    r-- .cinit
20000000    20000000    0000843c   00000000    rw-
  20000000    20000000    00008000   00000000    rw- .sysmem
  20008000    20008000    00000400   00000000    rw- .stack
  20008400    20008400    00000020   00000000    rw- .bss
  20008420    20008420    0000001c   00000000    rw- .data


SECTION ALLOCATION MAP

 output                                  attributes/
section   page    origin      length       input sections
--------  ----  ----------  ----------   ----------------
.intvecs   0    00000000    00000200     
                  00000000    00000200     startup_ccs.obj (.intvecs)

.text      0    00000200    000040c4     
                  00000200    00001466     fips202.obj (.text:KeccakF1600_StatePermute)
                  00001666    00000002     startup_ccs.obj (.text:FaultISR)
                  00001668    00000428     poly_mul.obj (.text:toom_cook_4way)
                  00001a90    0000028c     poly_mul.obj (.text:karatsuba_simple)
                  00001d1c    00000284     saber.obj (.text:main)
                  00001fa0    0000020c     pinout.obj (.text:PinoutSet)
                  000021ac    00000200     driverlib.lib : sysctl.obj (.text:SysCtlClockFreqSet)
                  000023ac    000001ee     uartstdio.obj (.text:UARTvprintf)
                  0000259a    00000002     startup_ccs.obj (.text:IntDefaultHandler)
                  0000259c    000001b4     SABER_indcpa.obj (.text:indcpa_kem_enc)
                  00002750    0000016c     driverlib.lib : gpio.obj (.text:GPIOPadConfigSet)
                  000028bc    00000136     fips202.obj (.text:keccak_absorb)
                  000029f2    00000002     startup_ccs.obj (.text:NmiSR)
                  000029f4    00000134     rtsv7M4_T_le_v4SPD16_eabi.lib : vla_alloc.c.obj (.text:__vla_alloc)
                  00002b28    00000124     SABER_indcpa.obj (.text:indcpa_kem_keypair)
                  00002c4c    000000f4     rtsv7M4_T_le_v4SPD16_eabi.lib : memory.c.obj (.text:aligned_alloc)
                  00002d40    000000e8                                   : memory.c.obj (.text:free)
                  00002e28    000000e6     SABER_indcpa.obj (.text:MatrixVectorMul)
                  00002f0e    000000e0     pack_unpack.obj (.text:POLVECq2BS)
                  00002fee    000000da     pack_unpack.obj (.text:BS2POLVECq)
                  000030c8    000000d8     rtsv7M4_T_le_v4SPD16_eabi.lib : memory.c.obj (.text:realloc)
                  000031a0    000000c0     SABER_indcpa.obj (.text:indcpa_kem_dec)
                  00003260    000000b4     kem.obj (.text:crypto_kem_dec)
                  00003314    000000ac     pack_unpack.obj (.text:BS2POL)
                  000033c0    000000ac     fips202.obj (.text:shake128)
                  0000346c    0000009c     rtsv7M4_T_le_v4SPD16_eabi.lib : memcpy_t2.asm.obj (.text)
                  00003508    00000096                                   : ull_div_t2.asm.obj (.text)
                  0000359e    00000002                                   : _lock.c.obj (.text:_nop)
                  000035a0    00000084     pinout.obj (.text:LEDWrite)
                  00003624    0000007e     pack_unpack.obj (.text:POLVECp2BS)
                  000036a2    00000002     rtsv7M4_T_le_v4SPD16_eabi.lib : div0.asm.obj (.text)
                  000036a4    0000007c                                   : memory.c.obj (.text:split)
                  00003720    0000007a                                   : memset_t2.asm.obj (.text)
                  0000379a    00000078     pack_unpack.obj (.text:BS2POLVECp)
                  00003812    00000002     --HOLE-- [fill = 0]
                  00003814    00000078     rtsv7M4_T_le_v4SPD16_eabi.lib : vla_alloc.c.obj (.text:_ZN33_INTERNAL_11_vla_alloc_c_be8bd49b21free_dead_allocationsEPv)
                  0000388c    00000078                                   : vla_alloc.c.obj (.text:__vla_dealloc)
                  00003904    00000076     SABER_indcpa.obj (.text:GenMatrix)
                  0000397a    00000074     cbd.obj (.text:cbd)
                  000039ee    00000068     rtsv7M4_T_le_v4SPD16_eabi.lib : copy_decompress_lzss.c.obj (.text:decompress:lzss:__TI_decompress_lzss)
                  00003a56    00000068     fips202.obj (.text:keccak_squeezeblocks)
                  00003abe    00000002     --HOLE-- [fill = 0]
                  00003ac0    00000068     poly_mul.obj (.text:pol_mul)
                  00003b28    00000064     SABER_indcpa.obj (.text:InnerProd)
                  00003b8c    00000064     kem.obj (.text:crypto_kem_enc)
                  00003bf0    00000060     uartstdio.obj (.text:UARTStdioConfig)
                  00003c50    0000005c     saber.obj (.text:ConfigureUART)
                  00003cac    0000005b     saber.obj (.text:charToInt)
                  00003d07    00000001     --HOLE-- [fill = 0]
                  00003d08    00000058     fips202.obj (.text:sha3_256)
                  00003d60    00000058     fips202.obj (.text:sha3_512)
                  00003db8    00000054     kem.obj (.text:crypto_kem_keypair)
                  00003e0c    00000052     poly.obj (.text:GenSecret)
                  00003e5e    00000002     --HOLE-- [fill = 0]
                  00003e60    00000050     uartstdio.obj (.text:UARTwrite)
                  00003eb0    00000048     driverlib.lib : sysctl.obj (.text:_SysCtlFrequencyGet)
                  00003ef8    00000044     rtsv7M4_T_le_v4SPD16_eabi.lib : autoinit.c.obj (.text:__TI_auto_init_nobinit_nopinit:__TI_auto_init_nobinit_nopinit)
                  00003f3c    00000040                                   : u_divt2.asm.obj (.text)
                  00003f7c    0000003a     cbd.obj (.text:load_littleendian)
                  00003fb6    00000002     --HOLE-- [fill = 0]
                  00003fb8    00000034     rtsv7M4_T_le_v4SPD16_eabi.lib : boot_cortex_m.c.obj (.text:_c_int00_noargs:_c_int00_noargs)
                  00003fec    00000034                                   : rand.c.obj (.text:rand)
                  00004020    00000032     SABER_indcpa.obj (.text:POL2MSG)
                  00004052    00000032     verify.obj (.text:verify)
                  00004084    0000002c     driverlib.lib : gpio.obj (.text:GPIODirModeSet)
                  000040b0    0000002c     fips202.obj (.text:load64)
                  000040dc    00000028     rtsv7M4_T_le_v4SPD16_eabi.lib : memory.c.obj (.text:free_list_insert)
                  00004104    00000024     verify.obj (.text:cmov)
                  00004128    00000024     rtsv7M4_T_le_v4SPD16_eabi.lib : rand.c.obj (.text:srand)
                  0000414c    00000022     pack_unpack.obj (.text:SABER_pack_4bit)
                  0000416e    00000020     pack_unpack.obj (.text:SABER_un_pack4bit)
                  0000418e    00000002     --HOLE-- [fill = 0]
                  00004190    00000020     driverlib.lib : sysctl.obj (.text:_SysCtlMemTimingGet)
                  000041b0    0000001e     rtsv7M4_T_le_v4SPD16_eabi.lib : ll_lsl_t2.asm.obj (.text)
                  000041ce    0000001c                                   : copy_zero_init.c.obj (.text:decompress:ZI:__TI_zero_init_nomemset:__TI_zero_init_nomemset)
                  000041ea    00000002     --HOLE-- [fill = 0]
                  000041ec    0000001c                                   : memory.c.obj (.text:free_list_remove)
                  00004208    0000001a     uartstdio.obj (.text:UARTprintf)
                  00004222    0000001a     fips202.obj (.text:store64)
                  0000423c    00000018     rtsv7M4_T_le_v4SPD16_eabi.lib : ll_mul_t2.asm.obj (.text)
                  00004254    00000016     pack_unpack.obj (.text:BS2POLVEC)
                  0000426a    00000016     driverlib.lib : gpio.obj (.text:GPIOPinTypeEthernetLED)
                  00004280    00000016     pack_unpack.obj (.text:POLVEC2BS)
                  00004296    0000000e     rtsv7M4_T_le_v4SPD16_eabi.lib : copy_decompress_none.c.obj (.text:decompress:none:__TI_decompress_none)
                  000042a4    00000008                                   : memory.c.obj (.text:malloc)
                  000042ac    00000006     startup_ccs.obj (.text:ResetISR)
                  000042b2    00000006     driverlib.lib : sysctl.obj (.text:SysCtlDelay)
                  000042b8    00000004     rtsv7M4_T_le_v4SPD16_eabi.lib : error.c.obj (.text:__abort_execution)
                  000042bc    00000004                                   : pre_init.c.obj (.text:_system_pre_init)
                  000042c0    00000004                                   : exit.c.obj (.text:abort:abort)

.const     0    000042c8    0000036c     
                  000042c8    000001b0     driverlib.lib : sysctl.obj (.const:g_pppui32XTALtoVCO)
                  00004478    000000c0     fips202.obj (.const:KeccakF_RoundConstants)
                  00004538    0000006c     driverlib.lib : sysctl.obj (.const:g_pui32Xtals)
                  000045a4    00000040     saber.obj (.const:.string:$P$T0$1)
                  000045e4    00000030     driverlib.lib : sysctl.obj (.const:g_sXTALtoMEMTIM)
                  00004614    0000000c     uartstdio.obj (.const:g_ui32UARTBase)
                  00004620    0000000c     uartstdio.obj (.const:g_ui32UARTPeriph)
                  0000462c    00000008     driverlib.lib : sysctl.obj (.const:g_pui32VCOFrequencies)

.cinit     0    00004638    00000038     
                  00004638    00000010     (.cinit..data.load) [load image, compression = lzss]
                  00004648    0000000c     (__TI_handler_table)
                  00004654    00000004     --HOLE-- [fill = 0]
                  00004658    00000008     (.cinit..bss.load) [load image, compression = zero_init]
                  00004660    00000010     (__TI_cinit_table)

.init_array 
*          0    00000000    00000000     UNINITIALIZED

.sysmem    0    20000000    00008000     UNINITIALIZED
                  20000000    00000010     rtsv7M4_T_le_v4SPD16_eabi.lib : memory.c.obj (.sysmem)
                  20000010    00007ff0     --HOLE--

.stack     0    20008000    00000400     UNINITIALIZED
                  20008000    00000004     rtsv7M4_T_le_v4SPD16_eabi.lib : boot_cortex_m.c.obj (.stack)
                  20008004    000003fc     --HOLE--

.bss       0    20008400    00000020     UNINITIALIZED
                  20008400    0000001c     rtsv7M4_T_le_v4SPD16_eabi.lib : vla_alloc.c.obj (.bss:$O1$$)
                  2000841c    00000004     (.common:g_ui32SysClock)

.data      0    20008420    0000001c     UNINITIALIZED
                  20008420    00000008     rtsv7M4_T_le_v4SPD16_eabi.lib : _lock.c.obj (.data:$O1$$)
                  20008428    00000008                                   : memory.c.obj (.data:$O1$$)
                  20008430    00000005     uartstdio.obj (.data)
                  20008435    00000003     --HOLE--
                  20008438    00000004     rtsv7M4_T_le_v4SPD16_eabi.lib : rand.c.obj (.data)

.binit     0    00000000    00000000     

MODULE SUMMARY

       Module                       code    ro data   rw data
       ------                       ----    -------   -------
    .\
       fips202.obj                  6054    192       0      
       poly_mul.obj                 1820    0         0      
       SABER_indcpa.obj             1418    0         0      
       pack_unpack.obj              970     0         0      
       saber.obj                    827     64        4      
       startup_ccs.obj              12      512       0      
       kem.obj                      364     0         0      
       cbd.obj                      174     0         0      
       verify.obj                   86      0         0      
       poly.obj                     82      0         0      
    +--+----------------------------+-------+---------+---------+
       Total:                       11807   768       4      
                                                             
    .\drivers\
       pinout.obj                   656     0         0      
    +--+----------------------------+-------+---------+---------+
       Total:                       656     0         0      
                                                             
    .\utils\
       uartstdio.obj                696     24        5      
    +--+----------------------------+-------+---------+---------+
       Total:                       696     24        5      
                                                             
    C:/ti/TivaWare_C_Series-2.2.0.295/driverlib/ccs/Debug/driverlib.lib
       sysctl.obj                   622     596       0      
       gpio.obj                     430     0         0      
    +--+----------------------------+-------+---------+---------+
       Total:                       1052    596       0      
                                                             
    C:\Users\nicho\Downloads\ti-cgt-arm_18.12.2.LTS\lib\rtsv7M4_T_le_v4SPD16_eabi.lib
       memory.c.obj                 892     0         8      
       vla_alloc.c.obj              548     0         28     
       memcpy_t2.asm.obj            156     0         0      
       ull_div_t2.asm.obj           150     0         0      
       memset_t2.asm.obj            122     0         0      
       copy_decompress_lzss.c.obj   104     0         0      
       rand.c.obj                   88      0         4      
       autoinit.c.obj               68      0         0      
       u_divt2.asm.obj              64      0         0      
       boot_cortex_m.c.obj          52      0         0      
       ll_lsl_t2.asm.obj            30      0         0      
       copy_zero_init.c.obj         28      0         0      
       ll_mul_t2.asm.obj            24      0         0      
       copy_decompress_none.c.obj   14      0         0      
       _lock.c.obj                  2       0         8      
       error.c.obj                  4       0         0      
       exit.c.obj                   4       0         0      
       pre_init.c.obj               4       0         0      
       div0.asm.obj                 2       0         0      
    +--+----------------------------+-------+---------+---------+
       Total:                       2356    0         48     
                                                             
       Heap:                        0       0         32768  
       Stack:                       0       0         1024   
       Linker Generated:            0       52        0      
    +--+----------------------------+-------+---------+---------+
       Grand Total:                 16567   1440      33849  


LINKER GENERATED COPY TABLES

__TI_cinit_table @ 00004660 records: 2, size/record: 8, table size: 16
	.data: load addr=00004638, load size=00000010 bytes, run addr=20008420, run size=0000001c bytes, compression=lzss
	.bss: load addr=00004658, load size=00000008 bytes, run addr=20008400, run size=00000020 bytes, compression=zero_init


LINKER GENERATED HANDLER TABLE

__TI_handler_table @ 00004648 records: 3, size/record: 4, table size: 12
	index: 0, handler: __TI_decompress_lzss
	index: 1, handler: __TI_decompress_none
	index: 2, handler: __TI_zero_init


GLOBAL SYMBOLS: SORTED ALPHABETICALLY BY Name 

address   name                          
-------   ----                          
00003315  BS2POL                        
00004255  BS2POLVEC                     
0000379b  BS2POLVECp                    
00002fef  BS2POLVECq                    
000042c1  C$$EXIT                       
00003c51  ConfigureUART                 
00004085  GPIODirModeSet                
00002751  GPIOPadConfigSet              
0000426b  GPIOPinTypeEthernetLED        
00003905  GenMatrix                     
00003e0d  GenSecret                     
00003b29  InnerProd                     
00000201  KeccakF1600_StatePermute      
000035a1  LEDWrite                      
00002e29  MatrixVectorMul               
00004021  POL2MSG                       
00004281  POLVEC2BS                     
00003625  POLVECp2BS                    
00002f0f  POLVECq2BS                    
00001fa1  PinoutSet                     
000042ad  ResetISR                      
0000414d  SABER_pack_4bit               
0000416f  SABER_un_pack4bit             
000021ad  SysCtlClockFreqSet            
000042b3  SysCtlDelay                   
00003bf1  UARTStdioConfig               
00004209  UARTprintf                    
000023ad  UARTvprintf                   
00003e61  UARTwrite                     
20008400  __STACK_END                   
00000400  __STACK_SIZE                  
20008200  __STACK_TOP                   
00008000  __SYSMEM_SIZE                 
00004660  __TI_CINIT_Base               
00004670  __TI_CINIT_Limit              
00004648  __TI_Handler_Table_Base       
00004654  __TI_Handler_Table_Limit      
00003ef9  __TI_auto_init_nobinit_nopinit
000039ef  __TI_decompress_lzss          
00004297  __TI_decompress_none          
ffffffff  __TI_pprof_out_hndl           
ffffffff  __TI_prof_data_size           
ffffffff  __TI_prof_data_start          
00000000  __TI_static_base__            
000041cf  __TI_zero_init_nomemset       
000042b9  __abort_execution             
000036a3  __aeabi_idiv0                 
000036a3  __aeabi_ldiv0                 
000041b1  __aeabi_llsl                  
0000423d  __aeabi_lmul                  
00003721  __aeabi_memclr                
00003721  __aeabi_memclr4               
00003721  __aeabi_memclr8               
0000346d  __aeabi_memcpy                
0000346d  __aeabi_memcpy4               
0000346d  __aeabi_memcpy8               
00003723  __aeabi_memset                
00003723  __aeabi_memset4               
00003723  __aeabi_memset8               
00003f3d  __aeabi_uidiv                 
00003f3d  __aeabi_uidivmod              
00003509  __aeabi_uldivmod              
ffffffff  __binit__                     
ffffffff  __c_args__                    
UNDEFED   __mpu_init                    
20008000  __stack                       
000029f5  __vla_alloc                   
0000388d  __vla_dealloc                 
00003fb9  _c_int00_noargs               
20008420  _lock                         
0000359f  _nop                          
20000000  _sys_memory                   
UNDEFED   _system_post_cinit            
000042bd  _system_pre_init              
20008424  _unlock                       
000042c1  abort                         
00002c4d  aligned_alloc                 
ffffffff  binit                         
0000397b  cbd                           
00003cad  charToInt                     
00004105  cmov                          
00003261  crypto_kem_dec                
00003b8d  crypto_kem_enc                
00003db9  crypto_kem_keypair            
00002d41  free                          
00000000  g_pfnVectors                  
2000841c  g_ui32SysClock                
000031a1  indcpa_kem_dec                
0000259d  indcpa_kem_enc                
00002b29  indcpa_kem_keypair            
00001a91  karatsuba_simple              
00001d1d  main                          
000042a5  malloc                        
00002c4d  memalign                      
0000346d  memcpy                        
00003729  memset                        
00003ac1  pol_mul                       
00003fed  rand                          
000030c9  realloc                       
00003d09  sha3_256                      
00003d61  sha3_512                      
000033c1  shake128                      
00004129  srand                         
00001669  toom_cook_4way                
00004053  verify                        


GLOBAL SYMBOLS: SORTED BY Symbol Address 

address   name                          
-------   ----                          
00000000  __TI_static_base__            
00000000  g_pfnVectors                  
00000201  KeccakF1600_StatePermute      
00000400  __STACK_SIZE                  
00001669  toom_cook_4way                
00001a91  karatsuba_simple              
00001d1d  main                          
00001fa1  PinoutSet                     
000021ad  SysCtlClockFreqSet            
000023ad  UARTvprintf                   
0000259d  indcpa_kem_enc                
00002751  GPIOPadConfigSet              
000029f5  __vla_alloc                   
00002b29  indcpa_kem_keypair            
00002c4d  aligned_alloc                 
00002c4d  memalign                      
00002d41  free                          
00002e29  MatrixVectorMul               
00002f0f  POLVECq2BS                    
00002fef  BS2POLVECq                    
000030c9  realloc                       
000031a1  indcpa_kem_dec                
00003261  crypto_kem_dec                
00003315  BS2POL                        
000033c1  shake128                      
0000346d  __aeabi_memcpy                
0000346d  __aeabi_memcpy4               
0000346d  __aeabi_memcpy8               
0000346d  memcpy                        
00003509  __aeabi_uldivmod              
0000359f  _nop                          
000035a1  LEDWrite                      
00003625  POLVECp2BS                    
000036a3  __aeabi_idiv0                 
000036a3  __aeabi_ldiv0                 
00003721  __aeabi_memclr                
00003721  __aeabi_memclr4               
00003721  __aeabi_memclr8               
00003723  __aeabi_memset                
00003723  __aeabi_memset4               
00003723  __aeabi_memset8               
00003729  memset                        
0000379b  BS2POLVECp                    
0000388d  __vla_dealloc                 
00003905  GenMatrix                     
0000397b  cbd                           
000039ef  __TI_decompress_lzss          
00003ac1  pol_mul                       
00003b29  InnerProd                     
00003b8d  crypto_kem_enc                
00003bf1  UARTStdioConfig               
00003c51  ConfigureUART                 
00003cad  charToInt                     
00003d09  sha3_256                      
00003d61  sha3_512                      
00003db9  crypto_kem_keypair            
00003e0d  GenSecret                     
00003e61  UARTwrite                     
00003ef9  __TI_auto_init_nobinit_nopinit
00003f3d  __aeabi_uidiv                 
00003f3d  __aeabi_uidivmod              
00003fb9  _c_int00_noargs               
00003fed  rand                          
00004021  POL2MSG                       
00004053  verify                        
00004085  GPIODirModeSet                
00004105  cmov                          
00004129  srand                         
0000414d  SABER_pack_4bit               
0000416f  SABER_un_pack4bit             
000041b1  __aeabi_llsl                  
000041cf  __TI_zero_init_nomemset       
00004209  UARTprintf                    
0000423d  __aeabi_lmul                  
00004255  BS2POLVEC                     
0000426b  GPIOPinTypeEthernetLED        
00004281  POLVEC2BS                     
00004297  __TI_decompress_none          
000042a5  malloc                        
000042ad  ResetISR                      
000042b3  SysCtlDelay                   
000042b9  __abort_execution             
000042bd  _system_pre_init              
000042c1  C$$EXIT                       
000042c1  abort                         
00004648  __TI_Handler_Table_Base       
00004654  __TI_Handler_Table_Limit      
00004660  __TI_CINIT_Base               
00004670  __TI_CINIT_Limit              
00008000  __SYSMEM_SIZE                 
20000000  _sys_memory                   
20008000  __stack                       
20008200  __STACK_TOP                   
20008400  __STACK_END                   
2000841c  g_ui32SysClock                
20008420  _lock                         
20008424  _unlock                       
ffffffff  __TI_pprof_out_hndl           
ffffffff  __TI_prof_data_size           
ffffffff  __TI_prof_data_start          
ffffffff  __binit__                     
ffffffff  __c_args__                    
ffffffff  binit                         
UNDEFED   __mpu_init                    
UNDEFED   _system_post_cinit            

[105 symbols]
