******************************************************************************
                  TI ARM Linker PC v18.12.2                    
******************************************************************************
>> Linked Thu Apr 10 13:07:56 2025

OUTPUT FILE NAME:   <saber.out>
ENTRY POINT SYMBOL: "_c_int00_noargs"  address: 00003ef5


MEMORY CONFIGURATION

         name            origin    length      used     unused   attr    fill
----------------------  --------  ---------  --------  --------  ----  --------
  FLASH                 00000000   00100000  00004564  000fba9c  R  X
  SRAM                  20000000   00040000  0000843c  00037bc4  RW X


SEGMENT ALLOCATION MAP

run origin  load origin   length   init length attrs members
----------  ----------- ---------- ----------- ----- -------
00000000    00000000    00004568   00004568    r-x
  00000000    00000000    00000200   00000200    r-- .intvecs
  00000200    00000200    00004000   00004000    r-x .text
  00004200    00004200    0000032c   0000032c    r-- .const
  00004530    00004530    00000038   00000038    r-- .cinit
20000000    20000000    0000843c   00000000    rw-
  20000000    20000000    00008000   00000000    rw- .sysmem
  20008000    20008000    00000400   00000000    rw- .stack
  20008400    20008400    00000020   00000000    rw- .bss
  20008420    20008420    0000001c   00000000    rw- .data


SECTION ALLOCATION MAP

 output                                  attributes/
section   page    origin      length       input sections
--------  ----  ----------  ----------   ----------------
.intvecs   0    00000000    00000200     
                  00000000    00000200     startup_ccs.obj (.intvecs)

.text      0    00000200    00004000     
                  00000200    00001466     fips202.obj (.text:KeccakF1600_StatePermute)
                  00001666    00000002     startup_ccs.obj (.text:FaultISR)
                  00001668    00000428     poly_mul.obj (.text:toom_cook_4way)
                  00001a90    0000028c     poly_mul.obj (.text:karatsuba_simple)
                  00001d1c    00000214     saber.obj (.text:main)
                  00001f30    0000020c     pinout.obj (.text:PinoutSet)
                  0000213c    00000200     driverlib.lib : sysctl.obj (.text:SysCtlClockFreqSet)
                  0000233c    000001ee     uartstdio.obj (.text:UARTvprintf)
                  0000252a    00000002     startup_ccs.obj (.text:IntDefaultHandler)
                  0000252c    000001b4     SABER_indcpa.obj (.text:indcpa_kem_enc)
                  000026e0    0000016c     driverlib.lib : gpio.obj (.text:GPIOPadConfigSet)
                  0000284c    00000136     fips202.obj (.text:keccak_absorb)
                  00002982    00000002     startup_ccs.obj (.text:NmiSR)
                  00002984    00000134     rtsv7M4_T_le_v4SPD16_eabi.lib : vla_alloc.c.obj (.text:__vla_alloc)
                  00002ab8    00000124     SABER_indcpa.obj (.text:indcpa_kem_keypair)
                  00002bdc    000000f4     rtsv7M4_T_le_v4SPD16_eabi.lib : memory.c.obj (.text:aligned_alloc)
                  00002cd0    000000e8                                   : memory.c.obj (.text:free)
                  00002db8    000000e6     SABER_indcpa.obj (.text:MatrixVectorMul)
                  00002e9e    000000e0     pack_unpack.obj (.text:POLVECq2BS)
                  00002f7e    000000da     pack_unpack.obj (.text:BS2POLVECq)
                  00003058    000000d8     rtsv7M4_T_le_v4SPD16_eabi.lib : memory.c.obj (.text:realloc)
                  00003130    000000c0     SABER_indcpa.obj (.text:indcpa_kem_dec)
                  000031f0    000000ac     pack_unpack.obj (.text:BS2POL)
                  0000329c    000000ac     fips202.obj (.text:shake128)
                  00003348    000000a0     kem.obj (.text:crypto_kem_dec)
                  000033e8    0000009c     rtsv7M4_T_le_v4SPD16_eabi.lib : memcpy_t2.asm.obj (.text)
                  00003484    00000096                                   : ull_div_t2.asm.obj (.text)
                  0000351a    00000002                                   : _lock.c.obj (.text:_nop)
                  0000351c    00000084     pinout.obj (.text:LEDWrite)
                  000035a0    00000082     kem.obj (.text:crypto_kem_enc)
                  00003622    0000007e     pack_unpack.obj (.text:POLVECp2BS)
                  000036a0    0000007c     rtsv7M4_T_le_v4SPD16_eabi.lib : memory.c.obj (.text:split)
                  0000371c    0000007a                                   : memset_t2.asm.obj (.text)
                  00003796    00000078     pack_unpack.obj (.text:BS2POLVECp)
                  0000380e    00000002     rtsv7M4_T_le_v4SPD16_eabi.lib : div0.asm.obj (.text)
                  00003810    00000078                                   : vla_alloc.c.obj (.text:_ZN33_INTERNAL_11_vla_alloc_c_be8bd49b21free_dead_allocationsEPv)
                  00003888    00000078                                   : vla_alloc.c.obj (.text:__vla_dealloc)
                  00003900    00000076     SABER_indcpa.obj (.text:GenMatrix)
                  00003976    00000074     cbd.obj (.text:cbd)
                  000039ea    00000068     rtsv7M4_T_le_v4SPD16_eabi.lib : copy_decompress_lzss.c.obj (.text:decompress:lzss:__TI_decompress_lzss)
                  00003a52    00000068     fips202.obj (.text:keccak_squeezeblocks)
                  00003aba    00000002     --HOLE-- [fill = 0]
                  00003abc    00000068     poly_mul.obj (.text:pol_mul)
                  00003b24    00000064     SABER_indcpa.obj (.text:InnerProd)
                  00003b88    00000060     uartstdio.obj (.text:UARTStdioConfig)
                  00003be8    0000005c     saber.obj (.text:ConfigureUART)
                  00003c44    00000058     fips202.obj (.text:sha3_256)
                  00003c9c    00000058     fips202.obj (.text:sha3_512)
                  00003cf4    00000054     kem.obj (.text:crypto_kem_keypair)
                  00003d48    00000052     poly.obj (.text:GenSecret)
                  00003d9a    00000002     --HOLE-- [fill = 0]
                  00003d9c    00000050     uartstdio.obj (.text:UARTwrite)
                  00003dec    00000048     driverlib.lib : sysctl.obj (.text:_SysCtlFrequencyGet)
                  00003e34    00000044     rtsv7M4_T_le_v4SPD16_eabi.lib : autoinit.c.obj (.text:__TI_auto_init_nobinit_nopinit:__TI_auto_init_nobinit_nopinit)
                  00003e78    00000040                                   : u_divt2.asm.obj (.text)
                  00003eb8    0000003a     cbd.obj (.text:load_littleendian)
                  00003ef2    00000002     --HOLE-- [fill = 0]
                  00003ef4    00000034     rtsv7M4_T_le_v4SPD16_eabi.lib : boot_cortex_m.c.obj (.text:_c_int00_noargs:_c_int00_noargs)
                  00003f28    00000034                                   : rand.c.obj (.text:rand)
                  00003f5c    00000032     SABER_indcpa.obj (.text:POL2MSG)
                  00003f8e    00000032     verify.obj (.text:verify)
                  00003fc0    0000002c     driverlib.lib : gpio.obj (.text:GPIODirModeSet)
                  00003fec    0000002c     fips202.obj (.text:load64)
                  00004018    00000028     rtsv7M4_T_le_v4SPD16_eabi.lib : memory.c.obj (.text:free_list_insert)
                  00004040    00000024     verify.obj (.text:cmov)
                  00004064    00000024     rtsv7M4_T_le_v4SPD16_eabi.lib : rand.c.obj (.text:srand)
                  00004088    00000022     pack_unpack.obj (.text:SABER_pack_4bit)
                  000040aa    00000020     pack_unpack.obj (.text:SABER_un_pack4bit)
                  000040ca    00000002     --HOLE-- [fill = 0]
                  000040cc    00000020     driverlib.lib : sysctl.obj (.text:_SysCtlMemTimingGet)
                  000040ec    0000001e     rtsv7M4_T_le_v4SPD16_eabi.lib : ll_lsl_t2.asm.obj (.text)
                  0000410a    0000001c                                   : copy_zero_init.c.obj (.text:decompress:ZI:__TI_zero_init_nomemset:__TI_zero_init_nomemset)
                  00004126    00000002     --HOLE-- [fill = 0]
                  00004128    0000001c                                   : memory.c.obj (.text:free_list_remove)
                  00004144    0000001a     uartstdio.obj (.text:UARTprintf)
                  0000415e    0000001a     fips202.obj (.text:store64)
                  00004178    00000018     rtsv7M4_T_le_v4SPD16_eabi.lib : ll_mul_t2.asm.obj (.text)
                  00004190    00000016     pack_unpack.obj (.text:BS2POLVEC)
                  000041a6    00000016     driverlib.lib : gpio.obj (.text:GPIOPinTypeEthernetLED)
                  000041bc    00000016     pack_unpack.obj (.text:POLVEC2BS)
                  000041d2    0000000e     rtsv7M4_T_le_v4SPD16_eabi.lib : copy_decompress_none.c.obj (.text:decompress:none:__TI_decompress_none)
                  000041e0    00000008                                   : memory.c.obj (.text:malloc)
                  000041e8    00000006     startup_ccs.obj (.text:ResetISR)
                  000041ee    00000006     driverlib.lib : sysctl.obj (.text:SysCtlDelay)
                  000041f4    00000004     rtsv7M4_T_le_v4SPD16_eabi.lib : error.c.obj (.text:__abort_execution)
                  000041f8    00000004                                   : pre_init.c.obj (.text:_system_pre_init)
                  000041fc    00000004                                   : exit.c.obj (.text:abort:abort)

.const     0    00004200    0000032c     
                  00004200    000001b0     driverlib.lib : sysctl.obj (.const:g_pppui32XTALtoVCO)
                  000043b0    000000c0     fips202.obj (.const:KeccakF_RoundConstants)
                  00004470    0000006c     driverlib.lib : sysctl.obj (.const:g_pui32Xtals)
                  000044dc    00000030                   : sysctl.obj (.const:g_sXTALtoMEMTIM)
                  0000450c    0000000c     uartstdio.obj (.const:g_ui32UARTBase)
                  00004518    0000000c     uartstdio.obj (.const:g_ui32UARTPeriph)
                  00004524    00000008     driverlib.lib : sysctl.obj (.const:g_pui32VCOFrequencies)

.cinit     0    00004530    00000038     
                  00004530    00000010     (.cinit..data.load) [load image, compression = lzss]
                  00004540    0000000c     (__TI_handler_table)
                  0000454c    00000004     --HOLE-- [fill = 0]
                  00004550    00000008     (.cinit..bss.load) [load image, compression = zero_init]
                  00004558    00000010     (__TI_cinit_table)

.init_array 
*          0    00000000    00000000     UNINITIALIZED

.sysmem    0    20000000    00008000     UNINITIALIZED
                  20000000    00000010     rtsv7M4_T_le_v4SPD16_eabi.lib : memory.c.obj (.sysmem)
                  20000010    00007ff0     --HOLE--

.stack     0    20008000    00000400     UNINITIALIZED
                  20008000    00000004     rtsv7M4_T_le_v4SPD16_eabi.lib : boot_cortex_m.c.obj (.stack)
                  20008004    000003fc     --HOLE--

.bss       0    20008400    00000020     UNINITIALIZED
                  20008400    0000001c     rtsv7M4_T_le_v4SPD16_eabi.lib : vla_alloc.c.obj (.bss:$O1$$)
                  2000841c    00000004     (.common:g_ui32SysClock)

.data      0    20008420    0000001c     UNINITIALIZED
                  20008420    00000008     rtsv7M4_T_le_v4SPD16_eabi.lib : _lock.c.obj (.data:$O1$$)
                  20008428    00000008                                   : memory.c.obj (.data:$O1$$)
                  20008430    00000005     uartstdio.obj (.data)
                  20008435    00000003     --HOLE--
                  20008438    00000004     rtsv7M4_T_le_v4SPD16_eabi.lib : rand.c.obj (.data)

.binit     0    00000000    00000000     

MODULE SUMMARY

       Module                       code    ro data   rw data
       ------                       ----    -------   -------
    .\
       fips202.obj                  6054    192       0      
       poly_mul.obj                 1820    0         0      
       SABER_indcpa.obj             1418    0         0      
       pack_unpack.obj              970     0         0      
       saber.obj                    624     0         4      
       startup_ccs.obj              12      512       0      
       kem.obj                      374     0         0      
       cbd.obj                      174     0         0      
       verify.obj                   86      0         0      
       poly.obj                     82      0         0      
    +--+----------------------------+-------+---------+---------+
       Total:                       11614   704       4      
                                                             
    .\drivers\
       pinout.obj                   656     0         0      
    +--+----------------------------+-------+---------+---------+
       Total:                       656     0         0      
                                                             
    .\utils\
       uartstdio.obj                696     24        5      
    +--+----------------------------+-------+---------+---------+
       Total:                       696     24        5      
                                                             
    C:/ti/TivaWare_C_Series-2.2.0.295/driverlib/ccs/Debug/driverlib.lib
       sysctl.obj                   622     596       0      
       gpio.obj                     430     0         0      
    +--+----------------------------+-------+---------+---------+
       Total:                       1052    596       0      
                                                             
    C:\Users\nicho\Downloads\ti-cgt-arm_18.12.2.LTS\lib\rtsv7M4_T_le_v4SPD16_eabi.lib
       memory.c.obj                 892     0         8      
       vla_alloc.c.obj              548     0         28     
       memcpy_t2.asm.obj            156     0         0      
       ull_div_t2.asm.obj           150     0         0      
       memset_t2.asm.obj            122     0         0      
       copy_decompress_lzss.c.obj   104     0         0      
       rand.c.obj                   88      0         4      
       autoinit.c.obj               68      0         0      
       u_divt2.asm.obj              64      0         0      
       boot_cortex_m.c.obj          52      0         0      
       ll_lsl_t2.asm.obj            30      0         0      
       copy_zero_init.c.obj         28      0         0      
       ll_mul_t2.asm.obj            24      0         0      
       copy_decompress_none.c.obj   14      0         0      
       _lock.c.obj                  2       0         8      
       error.c.obj                  4       0         0      
       exit.c.obj                   4       0         0      
       pre_init.c.obj               4       0         0      
       div0.asm.obj                 2       0         0      
    +--+----------------------------+-------+---------+---------+
       Total:                       2356    0         48     
                                                             
       Heap:                        0       0         32768  
       Stack:                       0       0         1024   
       Linker Generated:            0       52        0      
    +--+----------------------------+-------+---------+---------+
       Grand Total:                 16374   1376      33849  


LINKER GENERATED COPY TABLES

__TI_cinit_table @ 00004558 records: 2, size/record: 8, table size: 16
	.data: load addr=00004530, load size=00000010 bytes, run addr=20008420, run size=0000001c bytes, compression=lzss
	.bss: load addr=00004550, load size=00000008 bytes, run addr=20008400, run size=00000020 bytes, compression=zero_init


LINKER GENERATED HANDLER TABLE

__TI_handler_table @ 00004540 records: 3, size/record: 4, table size: 12
	index: 0, handler: __TI_decompress_lzss
	index: 1, handler: __TI_decompress_none
	index: 2, handler: __TI_zero_init


GLOBAL SYMBOLS: SORTED ALPHABETICALLY BY Name 

address   name                          
-------   ----                          
000031f1  BS2POL                        
00004191  BS2POLVEC                     
00003797  BS2POLVECp                    
00002f7f  BS2POLVECq                    
000041fd  C$$EXIT                       
00003be9  ConfigureUART                 
00003fc1  GPIODirModeSet                
000026e1  GPIOPadConfigSet              
000041a7  GPIOPinTypeEthernetLED        
00003901  GenMatrix                     
00003d49  GenSecret                     
00003b25  InnerProd                     
00000201  KeccakF1600_StatePermute      
0000351d  LEDWrite                      
00002db9  MatrixVectorMul               
00003f5d  POL2MSG                       
000041bd  POLVEC2BS                     
00003623  POLVECp2BS                    
00002e9f  POLVECq2BS                    
00001f31  PinoutSet                     
000041e9  ResetISR                      
00004089  SABER_pack_4bit               
000040ab  SABER_un_pack4bit             
0000213d  SysCtlClockFreqSet            
000041ef  SysCtlDelay                   
00003b89  UARTStdioConfig               
00004145  UARTprintf                    
0000233d  UARTvprintf                   
00003d9d  UARTwrite                     
20008400  __STACK_END                   
00000400  __STACK_SIZE                  
20008200  __STACK_TOP                   
00008000  __SYSMEM_SIZE                 
00004558  __TI_CINIT_Base               
00004568  __TI_CINIT_Limit              
00004540  __TI_Handler_Table_Base       
0000454c  __TI_Handler_Table_Limit      
00003e35  __TI_auto_init_nobinit_nopinit
000039eb  __TI_decompress_lzss          
000041d3  __TI_decompress_none          
ffffffff  __TI_pprof_out_hndl           
ffffffff  __TI_prof_data_size           
ffffffff  __TI_prof_data_start          
00000000  __TI_static_base__            
0000410b  __TI_zero_init_nomemset       
000041f5  __abort_execution             
0000380f  __aeabi_idiv0                 
0000380f  __aeabi_ldiv0                 
000040ed  __aeabi_llsl                  
00004179  __aeabi_lmul                  
0000371d  __aeabi_memclr                
0000371d  __aeabi_memclr4               
0000371d  __aeabi_memclr8               
000033e9  __aeabi_memcpy                
000033e9  __aeabi_memcpy4               
000033e9  __aeabi_memcpy8               
0000371f  __aeabi_memset                
0000371f  __aeabi_memset4               
0000371f  __aeabi_memset8               
00003e79  __aeabi_uidiv                 
00003e79  __aeabi_uidivmod              
00003485  __aeabi_uldivmod              
ffffffff  __binit__                     
ffffffff  __c_args__                    
UNDEFED   __mpu_init                    
20008000  __stack                       
00002985  __vla_alloc                   
00003889  __vla_dealloc                 
00003ef5  _c_int00_noargs               
20008420  _lock                         
0000351b  _nop                          
20000000  _sys_memory                   
UNDEFED   _system_post_cinit            
000041f9  _system_pre_init              
20008424  _unlock                       
000041fd  abort                         
00002bdd  aligned_alloc                 
ffffffff  binit                         
00003977  cbd                           
00004041  cmov                          
00003349  crypto_kem_dec                
000035a1  crypto_kem_enc                
00003cf5  crypto_kem_keypair            
00002cd1  free                          
00000000  g_pfnVectors                  
2000841c  g_ui32SysClock                
00003131  indcpa_kem_dec                
0000252d  indcpa_kem_enc                
00002ab9  indcpa_kem_keypair            
00001a91  karatsuba_simple              
00001d1d  main                          
000041e1  malloc                        
00002bdd  memalign                      
000033e9  memcpy                        
00003725  memset                        
00003abd  pol_mul                       
00003f29  rand                          
00003059  realloc                       
00003c45  sha3_256                      
00003c9d  sha3_512                      
0000329d  shake128                      
00004065  srand                         
00001669  toom_cook_4way                
00003f8f  verify                        


GLOBAL SYMBOLS: SORTED BY Symbol Address 

address   name                          
-------   ----                          
00000000  __TI_static_base__            
00000000  g_pfnVectors                  
00000201  KeccakF1600_StatePermute      
00000400  __STACK_SIZE                  
00001669  toom_cook_4way                
00001a91  karatsuba_simple              
00001d1d  main                          
00001f31  PinoutSet                     
0000213d  SysCtlClockFreqSet            
0000233d  UARTvprintf                   
0000252d  indcpa_kem_enc                
000026e1  GPIOPadConfigSet              
00002985  __vla_alloc                   
00002ab9  indcpa_kem_keypair            
00002bdd  aligned_alloc                 
00002bdd  memalign                      
00002cd1  free                          
00002db9  MatrixVectorMul               
00002e9f  POLVECq2BS                    
00002f7f  BS2POLVECq                    
00003059  realloc                       
00003131  indcpa_kem_dec                
000031f1  BS2POL                        
0000329d  shake128                      
00003349  crypto_kem_dec                
000033e9  __aeabi_memcpy                
000033e9  __aeabi_memcpy4               
000033e9  __aeabi_memcpy8               
000033e9  memcpy                        
00003485  __aeabi_uldivmod              
0000351b  _nop                          
0000351d  LEDWrite                      
000035a1  crypto_kem_enc                
00003623  POLVECp2BS                    
0000371d  __aeabi_memclr                
0000371d  __aeabi_memclr4               
0000371d  __aeabi_memclr8               
0000371f  __aeabi_memset                
0000371f  __aeabi_memset4               
0000371f  __aeabi_memset8               
00003725  memset                        
00003797  BS2POLVECp                    
0000380f  __aeabi_idiv0                 
0000380f  __aeabi_ldiv0                 
00003889  __vla_dealloc                 
00003901  GenMatrix                     
00003977  cbd                           
000039eb  __TI_decompress_lzss          
00003abd  pol_mul                       
00003b25  InnerProd                     
00003b89  UARTStdioConfig               
00003be9  ConfigureUART                 
00003c45  sha3_256                      
00003c9d  sha3_512                      
00003cf5  crypto_kem_keypair            
00003d49  GenSecret                     
00003d9d  UARTwrite                     
00003e35  __TI_auto_init_nobinit_nopinit
00003e79  __aeabi_uidiv                 
00003e79  __aeabi_uidivmod              
00003ef5  _c_int00_noargs               
00003f29  rand                          
00003f5d  POL2MSG                       
00003f8f  verify                        
00003fc1  GPIODirModeSet                
00004041  cmov                          
00004065  srand                         
00004089  SABER_pack_4bit               
000040ab  SABER_un_pack4bit             
000040ed  __aeabi_llsl                  
0000410b  __TI_zero_init_nomemset       
00004145  UARTprintf                    
00004179  __aeabi_lmul                  
00004191  BS2POLVEC                     
000041a7  GPIOPinTypeEthernetLED        
000041bd  POLVEC2BS                     
000041d3  __TI_decompress_none          
000041e1  malloc                        
000041e9  ResetISR                      
000041ef  SysCtlDelay                   
000041f5  __abort_execution             
000041f9  _system_pre_init              
000041fd  C$$EXIT                       
000041fd  abort                         
00004540  __TI_Handler_Table_Base       
0000454c  __TI_Handler_Table_Limit      
00004558  __TI_CINIT_Base               
00004568  __TI_CINIT_Limit              
00008000  __SYSMEM_SIZE                 
20000000  _sys_memory                   
20008000  __stack                       
20008200  __STACK_TOP                   
20008400  __STACK_END                   
2000841c  g_ui32SysClock                
20008420  _lock                         
20008424  _unlock                       
ffffffff  __TI_pprof_out_hndl           
ffffffff  __TI_prof_data_size           
ffffffff  __TI_prof_data_start          
ffffffff  __binit__                     
ffffffff  __c_args__                    
ffffffff  binit                         
UNDEFED   __mpu_init                    
UNDEFED   _system_post_cinit            

[104 symbols]
