<?xml version="1.0" encoding="ISO-8859-1" ?>
<link_info>
   <banner>TI ARM Linker PC v18.12.2.LTS</banner>
   <copyright>Copyright (c) 1996-2018 Texas Instruments Incorporated</copyright>
   <link_time>0x681bc9f9</link_time>
   <link_errors>0x0</link_errors>
   <output_file>saber.out</output_file>
   <entry_point>
      <name>_c_int00_noargs</name>
      <address>0x3fb9</address>
   </entry_point>
   <input_file_list>
      <input_file id="fl-2">
         <path>.\</path>
         <kind>object</kind>
         <file>SABER_indcpa.obj</file>
         <name>SABER_indcpa.obj</name>
      </input_file>
      <input_file id="fl-3">
         <path>.\</path>
         <kind>object</kind>
         <file>cbd.obj</file>
         <name>cbd.obj</name>
      </input_file>
      <input_file id="fl-4">
         <path>.\</path>
         <kind>object</kind>
         <file>fips202.obj</file>
         <name>fips202.obj</name>
      </input_file>
      <input_file id="fl-5">
         <path>.\</path>
         <kind>object</kind>
         <file>kem.obj</file>
         <name>kem.obj</name>
      </input_file>
      <input_file id="fl-6">
         <path>.\</path>
         <kind>object</kind>
         <file>matrixVectorMultiplication.obj</file>
         <name>matrixVectorMultiplication.obj</name>
      </input_file>
      <input_file id="fl-7">
         <path>.\</path>
         <kind>object</kind>
         <file>pack_unpack.obj</file>
         <name>pack_unpack.obj</name>
      </input_file>
      <input_file id="fl-8">
         <path>.\</path>
         <kind>object</kind>
         <file>poly.obj</file>
         <name>poly.obj</name>
      </input_file>
      <input_file id="fl-9">
         <path>.\</path>
         <kind>object</kind>
         <file>poly_mul.obj</file>
         <name>poly_mul.obj</name>
      </input_file>
      <input_file id="fl-a">
         <path>.\</path>
         <kind>object</kind>
         <file>saber.obj</file>
         <name>saber.obj</name>
      </input_file>
      <input_file id="fl-b">
         <path>.\</path>
         <kind>object</kind>
         <file>startup_ccs.obj</file>
         <name>startup_ccs.obj</name>
      </input_file>
      <input_file id="fl-c">
         <path>.\</path>
         <kind>object</kind>
         <file>verify.obj</file>
         <name>verify.obj</name>
      </input_file>
      <input_file id="fl-d">
         <path>.\drivers\</path>
         <kind>object</kind>
         <file>pinout.obj</file>
         <name>pinout.obj</name>
      </input_file>
      <input_file id="fl-e">
         <path>.\utils\</path>
         <kind>object</kind>
         <file>uartstdio.obj</file>
         <name>uartstdio.obj</name>
      </input_file>
      <input_file id="fl-13">
         <kind>object</kind>
         <file>&lt;internal&gt;</file>
         <name>&lt;internal&gt;</name>
      </input_file>
      <input_file id="fl-14">
         <path>C:\ti\TivaWare_C_Series-2.2.0.295\driverlib\ccs\Debug\</path>
         <kind>archive</kind>
         <file>driverlib.lib</file>
         <name>gpio.obj</name>
      </input_file>
      <input_file id="fl-15">
         <path>C:\ti\TivaWare_C_Series-2.2.0.295\driverlib\ccs\Debug\</path>
         <kind>archive</kind>
         <file>driverlib.lib</file>
         <name>interrupt.obj</name>
      </input_file>
      <input_file id="fl-16">
         <path>C:\ti\TivaWare_C_Series-2.2.0.295\driverlib\ccs\Debug\</path>
         <kind>archive</kind>
         <file>driverlib.lib</file>
         <name>sysctl.obj</name>
      </input_file>
      <input_file id="fl-17">
         <path>C:\ti\TivaWare_C_Series-2.2.0.295\driverlib\ccs\Debug\</path>
         <kind>archive</kind>
         <file>driverlib.lib</file>
         <name>cpu.obj</name>
      </input_file>
      <input_file id="fl-cd">
         <path>C:\Users\nicho\Downloads\ti-cgt-arm_18.12.2.LTS\lib\</path>
         <kind>archive</kind>
         <file>rtsv7M4_T_le_v4SPD16_eabi.lib</file>
         <name>vla_alloc.c.obj</name>
      </input_file>
      <input_file id="fl-ce">
         <path>C:\Users\nicho\Downloads\ti-cgt-arm_18.12.2.LTS\lib\</path>
         <kind>archive</kind>
         <file>rtsv7M4_T_le_v4SPD16_eabi.lib</file>
         <name>ull_div_t2.asm.obj</name>
      </input_file>
      <input_file id="fl-cf">
         <path>C:\Users\nicho\Downloads\ti-cgt-arm_18.12.2.LTS\lib\</path>
         <kind>archive</kind>
         <file>rtsv7M4_T_le_v4SPD16_eabi.lib</file>
         <name>memset_t2.asm.obj</name>
      </input_file>
      <input_file id="fl-d0">
         <path>C:\Users\nicho\Downloads\ti-cgt-arm_18.12.2.LTS\lib\</path>
         <kind>archive</kind>
         <file>rtsv7M4_T_le_v4SPD16_eabi.lib</file>
         <name>ll_lsl_t2.asm.obj</name>
      </input_file>
      <input_file id="fl-d1">
         <path>C:\Users\nicho\Downloads\ti-cgt-arm_18.12.2.LTS\lib\</path>
         <kind>archive</kind>
         <file>rtsv7M4_T_le_v4SPD16_eabi.lib</file>
         <name>ll_mul_t2.asm.obj</name>
      </input_file>
      <input_file id="fl-d2">
         <path>C:\Users\nicho\Downloads\ti-cgt-arm_18.12.2.LTS\lib\</path>
         <kind>archive</kind>
         <file>rtsv7M4_T_le_v4SPD16_eabi.lib</file>
         <name>memcpy_t2.asm.obj</name>
      </input_file>
      <input_file id="fl-d3">
         <path>C:\Users\nicho\Downloads\ti-cgt-arm_18.12.2.LTS\lib\</path>
         <kind>archive</kind>
         <file>rtsv7M4_T_le_v4SPD16_eabi.lib</file>
         <name>u_divt2.asm.obj</name>
      </input_file>
      <input_file id="fl-d4">
         <path>C:\Users\nicho\Downloads\ti-cgt-arm_18.12.2.LTS\lib\</path>
         <kind>archive</kind>
         <file>rtsv7M4_T_le_v4SPD16_eabi.lib</file>
         <name>copy_zero_init.c.obj</name>
      </input_file>
      <input_file id="fl-d5">
         <path>C:\Users\nicho\Downloads\ti-cgt-arm_18.12.2.LTS\lib\</path>
         <kind>archive</kind>
         <file>rtsv7M4_T_le_v4SPD16_eabi.lib</file>
         <name>copy_decompress_none.c.obj</name>
      </input_file>
      <input_file id="fl-d6">
         <path>C:\Users\nicho\Downloads\ti-cgt-arm_18.12.2.LTS\lib\</path>
         <kind>archive</kind>
         <file>rtsv7M4_T_le_v4SPD16_eabi.lib</file>
         <name>copy_decompress_lzss.c.obj</name>
      </input_file>
      <input_file id="fl-d7">
         <path>C:\Users\nicho\Downloads\ti-cgt-arm_18.12.2.LTS\lib\</path>
         <kind>archive</kind>
         <file>rtsv7M4_T_le_v4SPD16_eabi.lib</file>
         <name>memory.c.obj</name>
      </input_file>
      <input_file id="fl-d8">
         <path>C:\Users\nicho\Downloads\ti-cgt-arm_18.12.2.LTS\lib\</path>
         <kind>archive</kind>
         <file>rtsv7M4_T_le_v4SPD16_eabi.lib</file>
         <name>rand.c.obj</name>
      </input_file>
      <input_file id="fl-d9">
         <path>C:\Users\nicho\Downloads\ti-cgt-arm_18.12.2.LTS\lib\</path>
         <kind>archive</kind>
         <file>rtsv7M4_T_le_v4SPD16_eabi.lib</file>
         <name>boot_cortex_m.c.obj</name>
      </input_file>
      <input_file id="fl-da">
         <path>C:\Users\nicho\Downloads\ti-cgt-arm_18.12.2.LTS\lib\</path>
         <kind>archive</kind>
         <file>rtsv7M4_T_le_v4SPD16_eabi.lib</file>
         <name>error.c.obj</name>
      </input_file>
      <input_file id="fl-db">
         <path>C:\Users\nicho\Downloads\ti-cgt-arm_18.12.2.LTS\lib\</path>
         <kind>archive</kind>
         <file>rtsv7M4_T_le_v4SPD16_eabi.lib</file>
         <name>div0.asm.obj</name>
      </input_file>
      <input_file id="fl-dc">
         <path>C:\Users\nicho\Downloads\ti-cgt-arm_18.12.2.LTS\lib\</path>
         <kind>archive</kind>
         <file>rtsv7M4_T_le_v4SPD16_eabi.lib</file>
         <name>autoinit.c.obj</name>
      </input_file>
      <input_file id="fl-dd">
         <path>C:\Users\nicho\Downloads\ti-cgt-arm_18.12.2.LTS\lib\</path>
         <kind>archive</kind>
         <file>rtsv7M4_T_le_v4SPD16_eabi.lib</file>
         <name>pre_init.c.obj</name>
      </input_file>
      <input_file id="fl-de">
         <path>C:\Users\nicho\Downloads\ti-cgt-arm_18.12.2.LTS\lib\</path>
         <kind>archive</kind>
         <file>rtsv7M4_T_le_v4SPD16_eabi.lib</file>
         <name>cpy_tbl.c.obj</name>
      </input_file>
      <input_file id="fl-df">
         <path>C:\Users\nicho\Downloads\ti-cgt-arm_18.12.2.LTS\lib\</path>
         <kind>archive</kind>
         <file>rtsv7M4_T_le_v4SPD16_eabi.lib</file>
         <name>exit.c.obj</name>
      </input_file>
      <input_file id="fl-e0">
         <path>C:\Users\nicho\Downloads\ti-cgt-arm_18.12.2.LTS\lib\</path>
         <kind>archive</kind>
         <file>rtsv7M4_T_le_v4SPD16_eabi.lib</file>
         <name>_lock.c.obj</name>
      </input_file>
      <input_file id="fl-e1">
         <path>C:\Users\nicho\Downloads\ti-cgt-arm_18.12.2.LTS\lib\</path>
         <kind>archive</kind>
         <file>rtsv7M4_T_le_v4SPD16_eabi.lib</file>
         <name>args_main.c.obj</name>
      </input_file>
   </input_file_list>
   <object_component_list>
      <object_component id="oc-10">
         <name>.intvecs</name>
         <load_address>0x0</load_address>
         <run_address>0x0</run_address>
         <size>0x200</size>
         <input_file_ref idref="fl-b"/>
      </object_component>
      <object_component id="oc-352">
         <name>.text:KeccakF1600_StatePermute</name>
         <load_address>0x200</load_address>
         <run_address>0x200</run_address>
         <size>0x1466</size>
         <input_file_ref idref="fl-4"/>
      </object_component>
      <object_component id="oc-34">
         <name>.text:FaultISR</name>
         <load_address>0x1666</load_address>
         <run_address>0x1666</run_address>
         <size>0x2</size>
         <input_file_ref idref="fl-b"/>
      </object_component>
      <object_component id="oc-3b2">
         <name>.text:toom_cook_4way</name>
         <load_address>0x1668</load_address>
         <run_address>0x1668</run_address>
         <size>0x428</size>
         <input_file_ref idref="fl-9"/>
      </object_component>
      <object_component id="oc-3e4">
         <name>.text:karatsuba_simple</name>
         <load_address>0x1a90</load_address>
         <run_address>0x1a90</run_address>
         <size>0x28c</size>
         <input_file_ref idref="fl-9"/>
      </object_component>
      <object_component id="oc-b5">
         <name>.text:main</name>
         <load_address>0x1d1c</load_address>
         <run_address>0x1d1c</run_address>
         <size>0x284</size>
         <input_file_ref idref="fl-a"/>
      </object_component>
      <object_component id="oc-f0">
         <name>.text:PinoutSet</name>
         <load_address>0x1fa0</load_address>
         <run_address>0x1fa0</run_address>
         <size>0x20c</size>
         <input_file_ref idref="fl-d"/>
      </object_component>
      <object_component id="oc-ea">
         <name>.text:SysCtlClockFreqSet</name>
         <load_address>0x21ac</load_address>
         <run_address>0x21ac</run_address>
         <size>0x200</size>
         <input_file_ref idref="fl-16"/>
      </object_component>
      <object_component id="oc-1b0">
         <name>.text:UARTvprintf</name>
         <load_address>0x23ac</load_address>
         <run_address>0x23ac</run_address>
         <size>0x1ee</size>
         <input_file_ref idref="fl-e"/>
      </object_component>
      <object_component id="oc-3a">
         <name>.text:IntDefaultHandler</name>
         <load_address>0x259a</load_address>
         <run_address>0x259a</run_address>
         <size>0x2</size>
         <input_file_ref idref="fl-b"/>
      </object_component>
      <object_component id="oc-1e8">
         <name>.text:indcpa_kem_enc</name>
         <load_address>0x259c</load_address>
         <run_address>0x259c</run_address>
         <size>0x1b4</size>
         <input_file_ref idref="fl-2"/>
      </object_component>
      <object_component id="oc-19b">
         <name>.text:GPIOPadConfigSet</name>
         <load_address>0x2750</load_address>
         <run_address>0x2750</run_address>
         <size>0x16c</size>
         <input_file_ref idref="fl-14"/>
      </object_component>
      <object_component id="oc-2a9">
         <name>.text:keccak_absorb</name>
         <load_address>0x28bc</load_address>
         <run_address>0x28bc</run_address>
         <size>0x136</size>
         <input_file_ref idref="fl-4"/>
      </object_component>
      <object_component id="oc-2e">
         <name>.text:NmiSR</name>
         <load_address>0x29f2</load_address>
         <run_address>0x29f2</run_address>
         <size>0x2</size>
         <input_file_ref idref="fl-b"/>
      </object_component>
      <object_component id="oc-31c">
         <name>.text:__vla_alloc</name>
         <load_address>0x29f4</load_address>
         <run_address>0x29f4</run_address>
         <size>0x134</size>
         <input_file_ref idref="fl-cd"/>
      </object_component>
      <object_component id="oc-1cc">
         <name>.text:indcpa_kem_keypair</name>
         <load_address>0x2b28</load_address>
         <run_address>0x2b28</run_address>
         <size>0x124</size>
         <input_file_ref idref="fl-2"/>
      </object_component>
      <object_component id="oc-1c5">
         <name>.text:aligned_alloc</name>
         <load_address>0x2c4c</load_address>
         <run_address>0x2c4c</run_address>
         <size>0xf4</size>
         <input_file_ref idref="fl-d7"/>
      </object_component>
      <object_component id="oc-126">
         <name>.text:free</name>
         <load_address>0x2d40</load_address>
         <run_address>0x2d40</run_address>
         <size>0xe8</size>
         <input_file_ref idref="fl-d7"/>
      </object_component>
      <object_component id="oc-29c">
         <name>.text:MatrixVectorMul</name>
         <load_address>0x2e28</load_address>
         <run_address>0x2e28</run_address>
         <size>0xe6</size>
         <input_file_ref idref="fl-2"/>
      </object_component>
      <object_component id="oc-33e">
         <name>.text:POLVECq2BS</name>
         <load_address>0x2f0e</load_address>
         <run_address>0x2f0e</run_address>
         <size>0xe0</size>
         <input_file_ref idref="fl-7"/>
      </object_component>
      <object_component id="oc-362">
         <name>.text:BS2POLVECq</name>
         <load_address>0x2fee</load_address>
         <run_address>0x2fee</run_address>
         <size>0xda</size>
         <input_file_ref idref="fl-7"/>
      </object_component>
      <object_component id="oc-390">
         <name>.text:realloc</name>
         <load_address>0x30c8</load_address>
         <run_address>0x30c8</run_address>
         <size>0xd8</size>
         <input_file_ref idref="fl-d7"/>
      </object_component>
      <object_component id="oc-1ef">
         <name>.text:indcpa_kem_dec</name>
         <load_address>0x31a0</load_address>
         <run_address>0x31a0</run_address>
         <size>0xc0</size>
         <input_file_ref idref="fl-2"/>
      </object_component>
      <object_component id="oc-120">
         <name>.text:crypto_kem_dec</name>
         <load_address>0x3260</load_address>
         <run_address>0x3260</run_address>
         <size>0xb4</size>
         <input_file_ref idref="fl-5"/>
      </object_component>
      <object_component id="oc-322">
         <name>.text:BS2POL</name>
         <load_address>0x3314</load_address>
         <run_address>0x3314</run_address>
         <size>0xac</size>
         <input_file_ref idref="fl-7"/>
      </object_component>
      <object_component id="oc-28a">
         <name>.text:shake128</name>
         <load_address>0x33c0</load_address>
         <run_address>0x33c0</run_address>
         <size>0xac</size>
         <input_file_ref idref="fl-4"/>
      </object_component>
      <object_component id="oc-4e">
         <name>.text</name>
         <load_address>0x346c</load_address>
         <run_address>0x346c</run_address>
         <size>0x9c</size>
         <input_file_ref idref="fl-d2"/>
      </object_component>
      <object_component id="oc-311">
         <name>.text</name>
         <load_address>0x3508</load_address>
         <run_address>0x3508</run_address>
         <size>0x96</size>
         <input_file_ref idref="fl-ce"/>
      </object_component>
      <object_component id="oc-272">
         <name>.text:_nop</name>
         <load_address>0x359e</load_address>
         <run_address>0x359e</run_address>
         <size>0x2</size>
         <input_file_ref idref="fl-e0"/>
      </object_component>
      <object_component id="oc-12c">
         <name>.text:LEDWrite</name>
         <load_address>0x35a0</load_address>
         <run_address>0x35a0</run_address>
         <size>0x84</size>
         <input_file_ref idref="fl-d"/>
      </object_component>
      <object_component id="oc-344">
         <name>.text:POLVECp2BS</name>
         <load_address>0x3624</load_address>
         <run_address>0x3624</run_address>
         <size>0x7e</size>
         <input_file_ref idref="fl-7"/>
      </object_component>
      <object_component id="oc-305">
         <name>.text</name>
         <load_address>0x36a2</load_address>
         <run_address>0x36a2</run_address>
         <size>0x2</size>
         <input_file_ref idref="fl-db"/>
      </object_component>
      <object_component id="oc-280">
         <name>.text:split</name>
         <load_address>0x36a4</load_address>
         <run_address>0x36a4</run_address>
         <size>0x7c</size>
         <input_file_ref idref="fl-d7"/>
      </object_component>
      <object_component id="oc-a9">
         <name>.text</name>
         <load_address>0x3720</load_address>
         <run_address>0x3720</run_address>
         <size>0x7a</size>
         <input_file_ref idref="fl-cf"/>
      </object_component>
      <object_component id="oc-368">
         <name>.text:BS2POLVECp</name>
         <load_address>0x379a</load_address>
         <run_address>0x379a</run_address>
         <size>0x78</size>
         <input_file_ref idref="fl-7"/>
      </object_component>
      <object_component id="oc-38a">
         <name>.text:_ZN33_INTERNAL_11_vla_alloc_c_be8bd49b21free_dead_allocationsEPv</name>
         <load_address>0x3814</load_address>
         <run_address>0x3814</run_address>
         <size>0x78</size>
         <input_file_ref idref="fl-cd"/>
      </object_component>
      <object_component id="oc-328">
         <name>.text:__vla_dealloc</name>
         <load_address>0x388c</load_address>
         <run_address>0x388c</run_address>
         <size>0x78</size>
         <input_file_ref idref="fl-cd"/>
      </object_component>
      <object_component id="oc-290">
         <name>.text:GenMatrix</name>
         <load_address>0x3904</load_address>
         <run_address>0x3904</run_address>
         <size>0x76</size>
         <input_file_ref idref="fl-2"/>
      </object_component>
      <object_component id="oc-32f">
         <name>.text:cbd</name>
         <load_address>0x397a</load_address>
         <run_address>0x397a</run_address>
         <size>0x74</size>
         <input_file_ref idref="fl-3"/>
      </object_component>
      <object_component id="oc-13">
         <name>.text:decompress:lzss:__TI_decompress_lzss</name>
         <load_address>0x39ee</load_address>
         <run_address>0x39ee</run_address>
         <size>0x68</size>
         <input_file_ref idref="fl-d6"/>
      </object_component>
      <object_component id="oc-2af">
         <name>.text:keccak_squeezeblocks</name>
         <load_address>0x3a56</load_address>
         <run_address>0x3a56</run_address>
         <size>0x68</size>
         <input_file_ref idref="fl-4"/>
      </object_component>
      <object_component id="oc-337">
         <name>.text:pol_mul</name>
         <load_address>0x3ac0</load_address>
         <run_address>0x3ac0</run_address>
         <size>0x68</size>
         <input_file_ref idref="fl-9"/>
      </object_component>
      <object_component id="oc-2c1">
         <name>.text:InnerProd</name>
         <load_address>0x3b28</load_address>
         <run_address>0x3b28</run_address>
         <size>0x64</size>
         <input_file_ref idref="fl-2"/>
      </object_component>
      <object_component id="oc-11a">
         <name>.text:crypto_kem_enc</name>
         <load_address>0x3b8c</load_address>
         <run_address>0x3b8c</run_address>
         <size>0x64</size>
         <input_file_ref idref="fl-5"/>
      </object_component>
      <object_component id="oc-1a9">
         <name>.text:UARTStdioConfig</name>
         <load_address>0x3bf0</load_address>
         <run_address>0x3bf0</run_address>
         <size>0x60</size>
         <input_file_ref idref="fl-e"/>
      </object_component>
      <object_component id="oc-f6">
         <name>.text:ConfigureUART</name>
         <load_address>0x3c50</load_address>
         <run_address>0x3c50</run_address>
         <size>0x5c</size>
         <input_file_ref idref="fl-a"/>
      </object_component>
      <object_component id="oc-114">
         <name>.text:charToInt</name>
         <load_address>0x3cac</load_address>
         <run_address>0x3cac</run_address>
         <size>0x5b</size>
         <input_file_ref idref="fl-a"/>
      </object_component>
      <object_component id="oc-1d2">
         <name>.text:sha3_256</name>
         <load_address>0x3d08</load_address>
         <run_address>0x3d08</run_address>
         <size>0x58</size>
         <input_file_ref idref="fl-4"/>
      </object_component>
      <object_component id="oc-1e2">
         <name>.text:sha3_512</name>
         <load_address>0x3d60</load_address>
         <run_address>0x3d60</run_address>
         <size>0x58</size>
         <input_file_ref idref="fl-4"/>
      </object_component>
      <object_component id="oc-10e">
         <name>.text:crypto_kem_keypair</name>
         <load_address>0x3db8</load_address>
         <run_address>0x3db8</run_address>
         <size>0x54</size>
         <input_file_ref idref="fl-5"/>
      </object_component>
      <object_component id="oc-296">
         <name>.text:GenSecret</name>
         <load_address>0x3e0c</load_address>
         <run_address>0x3e0c</run_address>
         <size>0x52</size>
         <input_file_ref idref="fl-8"/>
      </object_component>
      <object_component id="oc-264">
         <name>.text:UARTwrite</name>
         <load_address>0x3e60</load_address>
         <run_address>0x3e60</run_address>
         <size>0x50</size>
         <input_file_ref idref="fl-e"/>
      </object_component>
      <object_component id="oc-18a">
         <name>.text:_SysCtlFrequencyGet</name>
         <load_address>0x3eb0</load_address>
         <run_address>0x3eb0</run_address>
         <size>0x48</size>
         <input_file_ref idref="fl-16"/>
      </object_component>
      <object_component id="oc-14b">
         <name>.text:__TI_auto_init_nobinit_nopinit:__TI_auto_init_nobinit_nopinit</name>
         <load_address>0x3ef8</load_address>
         <run_address>0x3ef8</run_address>
         <size>0x44</size>
         <input_file_ref idref="fl-dc"/>
      </object_component>
      <object_component id="oc-26a">
         <name>.text</name>
         <load_address>0x3f3c</load_address>
         <run_address>0x3f3c</run_address>
         <size>0x40</size>
         <input_file_ref idref="fl-d3"/>
      </object_component>
      <object_component id="oc-3a8">
         <name>.text:load_littleendian</name>
         <load_address>0x3f7c</load_address>
         <run_address>0x3f7c</run_address>
         <size>0x3a</size>
         <input_file_ref idref="fl-3"/>
      </object_component>
      <object_component id="oc-6c">
         <name>.text:_c_int00_noargs:_c_int00_noargs</name>
         <load_address>0x3fb8</load_address>
         <run_address>0x3fb8</run_address>
         <size>0x34</size>
         <input_file_ref idref="fl-d9"/>
      </object_component>
      <object_component id="oc-1d8">
         <name>.text:rand</name>
         <load_address>0x3fec</load_address>
         <run_address>0x3fec</run_address>
         <size>0x34</size>
         <input_file_ref idref="fl-d8"/>
      </object_component>
      <object_component id="oc-2d4">
         <name>.text:POL2MSG</name>
         <load_address>0x4020</load_address>
         <run_address>0x4020</run_address>
         <size>0x32</size>
         <input_file_ref idref="fl-2"/>
      </object_component>
      <object_component id="oc-1f5">
         <name>.text:verify</name>
         <load_address>0x4052</load_address>
         <run_address>0x4052</run_address>
         <size>0x32</size>
         <input_file_ref idref="fl-c"/>
      </object_component>
      <object_component id="oc-24e">
         <name>.text:GPIODirModeSet</name>
         <load_address>0x4084</load_address>
         <run_address>0x4084</run_address>
         <size>0x2c</size>
         <input_file_ref idref="fl-14"/>
      </object_component>
      <object_component id="oc-34c">
         <name>.text:load64</name>
         <load_address>0x40b0</load_address>
         <run_address>0x40b0</run_address>
         <size>0x2c</size>
         <input_file_ref idref="fl-4"/>
      </object_component>
      <object_component id="oc-208">
         <name>.text:free_list_insert</name>
         <load_address>0x40dc</load_address>
         <run_address>0x40dc</run_address>
         <size>0x28</size>
         <input_file_ref idref="fl-d7"/>
      </object_component>
      <object_component id="oc-1fb">
         <name>.text:cmov</name>
         <load_address>0x4104</load_address>
         <run_address>0x4104</run_address>
         <size>0x24</size>
         <input_file_ref idref="fl-c"/>
      </object_component>
      <object_component id="oc-102">
         <name>.text:srand</name>
         <load_address>0x4128</load_address>
         <run_address>0x4128</run_address>
         <size>0x24</size>
         <input_file_ref idref="fl-d8"/>
      </object_component>
      <object_component id="oc-2c7">
         <name>.text:SABER_pack_4bit</name>
         <load_address>0x414c</load_address>
         <run_address>0x414c</run_address>
         <size>0x22</size>
         <input_file_ref idref="fl-7"/>
      </object_component>
      <object_component id="oc-2ce">
         <name>.text:SABER_un_pack4bit</name>
         <load_address>0x416e</load_address>
         <run_address>0x416e</run_address>
         <size>0x20</size>
         <input_file_ref idref="fl-7"/>
      </object_component>
      <object_component id="oc-184">
         <name>.text:_SysCtlMemTimingGet</name>
         <load_address>0x4190</load_address>
         <run_address>0x4190</run_address>
         <size>0x20</size>
         <input_file_ref idref="fl-16"/>
      </object_component>
      <object_component id="oc-3be">
         <name>.text</name>
         <load_address>0x41b0</load_address>
         <run_address>0x41b0</run_address>
         <size>0x1e</size>
         <input_file_ref idref="fl-d0"/>
      </object_component>
      <object_component id="oc-5a">
         <name>.text:decompress:ZI:__TI_zero_init_nomemset:__TI_zero_init_nomemset</name>
         <load_address>0x41ce</load_address>
         <run_address>0x41ce</run_address>
         <size>0x1c</size>
         <input_file_ref idref="fl-d4"/>
      </object_component>
      <object_component id="oc-202">
         <name>.text:free_list_remove</name>
         <load_address>0x41ec</load_address>
         <run_address>0x41ec</run_address>
         <size>0x1c</size>
         <input_file_ref idref="fl-d7"/>
      </object_component>
      <object_component id="oc-fc">
         <name>.text:UARTprintf</name>
         <load_address>0x4208</load_address>
         <run_address>0x4208</run_address>
         <size>0x1a</size>
         <input_file_ref idref="fl-e"/>
      </object_component>
      <object_component id="oc-359">
         <name>.text:store64</name>
         <load_address>0x4222</load_address>
         <run_address>0x4222</run_address>
         <size>0x1a</size>
         <input_file_ref idref="fl-4"/>
      </object_component>
      <object_component id="oc-316">
         <name>.text</name>
         <load_address>0x423c</load_address>
         <run_address>0x423c</run_address>
         <size>0x18</size>
         <input_file_ref idref="fl-d1"/>
      </object_component>
      <object_component id="oc-2bb">
         <name>.text:BS2POLVEC</name>
         <load_address>0x4254</load_address>
         <run_address>0x4254</run_address>
         <size>0x16</size>
         <input_file_ref idref="fl-7"/>
      </object_component>
      <object_component id="oc-1a1">
         <name>.text:GPIOPinTypeEthernetLED</name>
         <load_address>0x426a</load_address>
         <run_address>0x426a</run_address>
         <size>0x16</size>
         <input_file_ref idref="fl-14"/>
      </object_component>
      <object_component id="oc-2a2">
         <name>.text:POLVEC2BS</name>
         <load_address>0x4280</load_address>
         <run_address>0x4280</run_address>
         <size>0x16</size>
         <input_file_ref idref="fl-7"/>
      </object_component>
      <object_component id="oc-19">
         <name>.text:decompress:none:__TI_decompress_none</name>
         <load_address>0x4296</load_address>
         <run_address>0x4296</run_address>
         <size>0xe</size>
         <input_file_ref idref="fl-d5"/>
      </object_component>
      <object_component id="oc-108">
         <name>.text:malloc</name>
         <load_address>0x42a4</load_address>
         <run_address>0x42a4</run_address>
         <size>0x8</size>
         <input_file_ref idref="fl-d7"/>
      </object_component>
      <object_component id="oc-28">
         <name>.text:ResetISR</name>
         <load_address>0x42ac</load_address>
         <run_address>0x42ac</run_address>
         <size>0x6</size>
         <input_file_ref idref="fl-b"/>
      </object_component>
      <object_component id="oc-132">
         <name>.text:SysCtlDelay</name>
         <load_address>0x42b2</load_address>
         <run_address>0x42b2</run_address>
         <size>0x6</size>
         <input_file_ref idref="fl-16"/>
      </object_component>
      <object_component id="oc-384">
         <name>.text:__abort_execution</name>
         <load_address>0x42b8</load_address>
         <run_address>0x42b8</run_address>
         <size>0x4</size>
         <input_file_ref idref="fl-da"/>
      </object_component>
      <object_component id="oc-af">
         <name>.text:_system_pre_init</name>
         <load_address>0x42bc</load_address>
         <run_address>0x42bc</run_address>
         <size>0x4</size>
         <input_file_ref idref="fl-dd"/>
      </object_component>
      <object_component id="oc-13f">
         <name>.text:abort:abort</name>
         <load_address>0x42c0</load_address>
         <run_address>0x42c0</run_address>
         <size>0x4</size>
         <input_file_ref idref="fl-df"/>
      </object_component>
      <object_component id="oc-193">
         <name>.const:g_pppui32XTALtoVCO</name>
         <load_address>0x42c8</load_address>
         <run_address>0x42c8</run_address>
         <size>0x1b0</size>
         <input_file_ref idref="fl-16"/>
      </object_component>
      <object_component id="oc-3c4">
         <name>.const:KeccakF_RoundConstants</name>
         <load_address>0x4478</load_address>
         <run_address>0x4478</run_address>
         <size>0xc0</size>
         <input_file_ref idref="fl-4"/>
      </object_component>
      <object_component id="oc-190">
         <name>.const:g_pui32Xtals</name>
         <load_address>0x4538</load_address>
         <run_address>0x4538</run_address>
         <size>0x6c</size>
         <input_file_ref idref="fl-16"/>
      </object_component>
      <object_component id="oc-133">
         <name>.const:.string:$P$T0$1</name>
         <load_address>0x45a4</load_address>
         <run_address>0x45a4</run_address>
         <size>0x40</size>
         <input_file_ref idref="fl-a"/>
      </object_component>
      <object_component id="oc-236">
         <name>.const:g_sXTALtoMEMTIM</name>
         <load_address>0x45e4</load_address>
         <run_address>0x45e4</run_address>
         <size>0x30</size>
         <input_file_ref idref="fl-16"/>
      </object_component>
      <object_component id="oc-25a">
         <name>.const:g_ui32UARTBase</name>
         <load_address>0x4614</load_address>
         <run_address>0x4614</run_address>
         <size>0xc</size>
         <input_file_ref idref="fl-e"/>
      </object_component>
      <object_component id="oc-257">
         <name>.const:g_ui32UARTPeriph</name>
         <load_address>0x4620</load_address>
         <run_address>0x4620</run_address>
         <size>0xc</size>
         <input_file_ref idref="fl-e"/>
      </object_component>
      <object_component id="oc-196">
         <name>.const:g_pui32VCOFrequencies</name>
         <load_address>0x462c</load_address>
         <run_address>0x462c</run_address>
         <size>0x8</size>
         <input_file_ref idref="fl-16"/>
      </object_component>
      <object_component id="oc-426">
         <name>.cinit..data.load</name>
         <load_address>0x4638</load_address>
         <run_address>0x4638</run_address>
         <size>0x10</size>
      </object_component>
      <object_component id="oc-424">
         <name>__TI_handler_table</name>
         <load_address>0x4648</load_address>
         <run_address>0x4648</run_address>
         <size>0xc</size>
      </object_component>
      <object_component id="oc-427">
         <name>.cinit..bss.load</name>
         <load_address>0x4658</load_address>
         <run_address>0x4658</run_address>
         <size>0x8</size>
      </object_component>
      <object_component id="oc-425">
         <name>__TI_cinit_table</name>
         <load_address>0x4660</load_address>
         <run_address>0x4660</run_address>
         <size>0x10</size>
      </object_component>
      <object_component id="oc-25d">
         <name>.data</name>
         <load_address>0x20008430</load_address>
         <run_address>0x20008430</run_address>
         <size>0x5</size>
         <input_file_ref idref="fl-e"/>
      </object_component>
      <object_component id="oc-286">
         <name>.data:$O1$$</name>
         <load_address>0x20008428</load_address>
         <run_address>0x20008428</run_address>
         <size>0x8</size>
         <input_file_ref idref="fl-d7"/>
      </object_component>
      <object_component id="oc-1c0">
         <name>.data</name>
         <load_address>0x20008438</load_address>
         <run_address>0x20008438</run_address>
         <size>0x4</size>
         <input_file_ref idref="fl-d8"/>
      </object_component>
      <object_component id="oc-1bd">
         <name>.data:$O1$$</name>
         <load_address>0x20008420</load_address>
         <run_address>0x20008420</run_address>
         <size>0x8</size>
         <input_file_ref idref="fl-e0"/>
      </object_component>
      <object_component id="oc-396">
         <name>.bss:$O1$$</name>
         <uninitialized>true</uninitialized>
         <run_address>0x20008400</run_address>
         <size>0x1c</size>
         <input_file_ref idref="fl-cd"/>
      </object_component>
      <object_component id="oc-136">
         <name>.common:g_ui32SysClock</name>
         <uninitialized>true</uninitialized>
         <run_address>0x2000841c</run_address>
         <size>0x4</size>
      </object_component>
      <object_component id="oc-22">
         <name>.sysmem</name>
         <uninitialized>true</uninitialized>
         <run_address>0x20000000</run_address>
         <size>0x10</size>
         <input_file_ref idref="fl-d7"/>
      </object_component>
      <object_component id="oc-429">
         <name>.sysmem</name>
         <uninitialized>true</uninitialized>
         <run_address>0x20000000</run_address>
         <size>0x0</size>
      </object_component>
      <object_component id="oc-25">
         <name>.stack</name>
         <uninitialized>true</uninitialized>
         <run_address>0x20008000</run_address>
         <size>0x4</size>
         <input_file_ref idref="fl-d9"/>
      </object_component>
      <object_component id="oc-428">
         <name>.stack</name>
         <uninitialized>true</uninitialized>
         <run_address>0x20008000</run_address>
         <size>0x0</size>
      </object_component>
      <object_component id="oc-d8">
         <name>.debug_info</name>
         <load_address>0x0</load_address>
         <run_address>0x0</run_address>
         <size>0x5f6</size>
         <input_file_ref idref="fl-2"/>
      </object_component>
      <object_component id="oc-292">
         <name>.debug_info</name>
         <load_address>0x5f6</load_address>
         <run_address>0x5f6</run_address>
         <size>0x1aa</size>
         <input_file_ref idref="fl-2"/>
      </object_component>
      <object_component id="oc-29e">
         <name>.debug_info</name>
         <load_address>0x7a0</load_address>
         <run_address>0x7a0</run_address>
         <size>0x1df</size>
         <input_file_ref idref="fl-2"/>
      </object_component>
      <object_component id="oc-1ce">
         <name>.debug_info</name>
         <load_address>0x97f</load_address>
         <run_address>0x97f</run_address>
         <size>0x234</size>
         <input_file_ref idref="fl-2"/>
      </object_component>
      <object_component id="oc-2c3">
         <name>.debug_info</name>
         <load_address>0xbb3</load_address>
         <run_address>0xbb3</run_address>
         <size>0x183</size>
         <input_file_ref idref="fl-2"/>
      </object_component>
      <object_component id="oc-1ea">
         <name>.debug_info</name>
         <load_address>0xd36</load_address>
         <run_address>0xd36</run_address>
         <size>0x321</size>
         <input_file_ref idref="fl-2"/>
      </object_component>
      <object_component id="oc-2d5">
         <name>.debug_info</name>
         <load_address>0x1057</load_address>
         <run_address>0x1057</run_address>
         <size>0x1bc</size>
         <input_file_ref idref="fl-2"/>
      </object_component>
      <object_component id="oc-1f0">
         <name>.debug_info</name>
         <load_address>0x1213</load_address>
         <run_address>0x1213</run_address>
         <size>0x255</size>
         <input_file_ref idref="fl-2"/>
      </object_component>
      <object_component id="oc-17f">
         <name>.debug_info</name>
         <load_address>0x1468</load_address>
         <run_address>0x1468</run_address>
         <size>0x77</size>
         <input_file_ref idref="fl-2"/>
      </object_component>
      <object_component id="oc-8a">
         <name>.debug_info</name>
         <load_address>0x14df</load_address>
         <run_address>0x14df</run_address>
         <size>0x26b</size>
         <input_file_ref idref="fl-2"/>
      </object_component>
      <object_component id="oc-49">
         <name>.debug_info</name>
         <load_address>0x174a</load_address>
         <run_address>0x174a</run_address>
         <size>0x84</size>
         <input_file_ref idref="fl-2"/>
      </object_component>
      <object_component id="oc-d3">
         <name>.debug_info</name>
         <load_address>0x17ce</load_address>
         <run_address>0x17ce</run_address>
         <size>0x297</size>
         <input_file_ref idref="fl-2"/>
      </object_component>
      <object_component id="oc-23b">
         <name>.debug_info</name>
         <load_address>0x1a65</load_address>
         <run_address>0x1a65</run_address>
         <size>0xef</size>
         <input_file_ref idref="fl-2"/>
      </object_component>
      <object_component id="oc-8f">
         <name>.debug_info</name>
         <load_address>0x1b54</load_address>
         <run_address>0x1b54</run_address>
         <size>0xbb</size>
         <input_file_ref idref="fl-2"/>
      </object_component>
      <object_component id="oc-e1">
         <name>.debug_info</name>
         <load_address>0x1c0f</load_address>
         <run_address>0x1c0f</run_address>
         <size>0x2c</size>
         <input_file_ref idref="fl-2"/>
      </object_component>
      <object_component id="oc-1b8">
         <name>.debug_info</name>
         <load_address>0x1c3b</load_address>
         <run_address>0x1c3b</run_address>
         <size>0x2c</size>
         <input_file_ref idref="fl-2"/>
      </object_component>
      <object_component id="oc-3af">
         <name>.debug_info</name>
         <load_address>0x1c67</load_address>
         <run_address>0x1c67</run_address>
         <size>0x273</size>
         <input_file_ref idref="fl-3"/>
      </object_component>
      <object_component id="oc-3a9">
         <name>.debug_info</name>
         <load_address>0x1eda</load_address>
         <run_address>0x1eda</run_address>
         <size>0x174</size>
         <input_file_ref idref="fl-3"/>
      </object_component>
      <object_component id="oc-332">
         <name>.debug_info</name>
         <load_address>0x204e</load_address>
         <run_address>0x204e</run_address>
         <size>0x13e</size>
         <input_file_ref idref="fl-3"/>
      </object_component>
      <object_component id="oc-2b6">
         <name>.debug_info</name>
         <load_address>0x218c</load_address>
         <run_address>0x218c</run_address>
         <size>0x2eb</size>
         <input_file_ref idref="fl-4"/>
      </object_component>
      <object_component id="oc-3c5">
         <name>.debug_info</name>
         <load_address>0x2477</load_address>
         <run_address>0x2477</run_address>
         <size>0xec</size>
         <input_file_ref idref="fl-4"/>
      </object_component>
      <object_component id="oc-353">
         <name>.debug_info</name>
         <load_address>0x2563</load_address>
         <run_address>0x2563</run_address>
         <size>0x2ea</size>
         <input_file_ref idref="fl-4"/>
      </object_component>
      <object_component id="oc-34d">
         <name>.debug_info</name>
         <load_address>0x284d</load_address>
         <run_address>0x284d</run_address>
         <size>0x13f</size>
         <input_file_ref idref="fl-4"/>
      </object_component>
      <object_component id="oc-2aa">
         <name>.debug_info</name>
         <load_address>0x298c</load_address>
         <run_address>0x298c</run_address>
         <size>0x1f6</size>
         <input_file_ref idref="fl-4"/>
      </object_component>
      <object_component id="oc-35a">
         <name>.debug_info</name>
         <load_address>0x2b82</load_address>
         <run_address>0x2b82</run_address>
         <size>0x11f</size>
         <input_file_ref idref="fl-4"/>
      </object_component>
      <object_component id="oc-2b0">
         <name>.debug_info</name>
         <load_address>0x2ca1</load_address>
         <run_address>0x2ca1</run_address>
         <size>0x1bb</size>
         <input_file_ref idref="fl-4"/>
      </object_component>
      <object_component id="oc-28b">
         <name>.debug_info</name>
         <load_address>0x2e5c</load_address>
         <run_address>0x2e5c</run_address>
         <size>0x23e</size>
         <input_file_ref idref="fl-4"/>
      </object_component>
      <object_component id="oc-1e3">
         <name>.debug_info</name>
         <load_address>0x309a</load_address>
         <run_address>0x309a</run_address>
         <size>0x1ae</size>
         <input_file_ref idref="fl-4"/>
      </object_component>
      <object_component id="oc-1d3">
         <name>.debug_info</name>
         <load_address>0x3248</load_address>
         <run_address>0x3248</run_address>
         <size>0x1ae</size>
         <input_file_ref idref="fl-4"/>
      </object_component>
      <object_component id="oc-1df">
         <name>.debug_info</name>
         <load_address>0x33f6</load_address>
         <run_address>0x33f6</run_address>
         <size>0x506</size>
         <input_file_ref idref="fl-5"/>
      </object_component>
      <object_component id="oc-10f">
         <name>.debug_info</name>
         <load_address>0x38fc</load_address>
         <run_address>0x38fc</run_address>
         <size>0x174</size>
         <input_file_ref idref="fl-5"/>
      </object_component>
      <object_component id="oc-11b">
         <name>.debug_info</name>
         <load_address>0x3a70</load_address>
         <run_address>0x3a70</run_address>
         <size>0x1c8</size>
         <input_file_ref idref="fl-5"/>
      </object_component>
      <object_component id="oc-124">
         <name>.debug_info</name>
         <load_address>0x3c38</load_address>
         <run_address>0x3c38</run_address>
         <size>0x216</size>
         <input_file_ref idref="fl-5"/>
      </object_component>
      <object_component id="oc-3f6">
         <name>.debug_info</name>
         <load_address>0x3e4e</load_address>
         <run_address>0x3e4e</run_address>
         <size>0x345</size>
         <input_file_ref idref="fl-6"/>
      </object_component>
      <object_component id="oc-3ed">
         <name>.debug_info</name>
         <load_address>0x4193</load_address>
         <run_address>0x4193</run_address>
         <size>0xcc</size>
         <input_file_ref idref="fl-6"/>
      </object_component>
      <object_component id="oc-34b">
         <name>.debug_info</name>
         <load_address>0x425f</load_address>
         <run_address>0x425f</run_address>
         <size>0x2ab</size>
         <input_file_ref idref="fl-7"/>
      </object_component>
      <object_component id="oc-2d1">
         <name>.debug_info</name>
         <load_address>0x450a</load_address>
         <run_address>0x450a</run_address>
         <size>0x14c</size>
         <input_file_ref idref="fl-7"/>
      </object_component>
      <object_component id="oc-2ca">
         <name>.debug_info</name>
         <load_address>0x4656</load_address>
         <run_address>0x4656</run_address>
         <size>0x13f</size>
         <input_file_ref idref="fl-7"/>
      </object_component>
      <object_component id="oc-341">
         <name>.debug_info</name>
         <load_address>0x4795</load_address>
         <run_address>0x4795</run_address>
         <size>0x190</size>
         <input_file_ref idref="fl-7"/>
      </object_component>
      <object_component id="oc-347">
         <name>.debug_info</name>
         <load_address>0x4925</load_address>
         <run_address>0x4925</run_address>
         <size>0x190</size>
         <input_file_ref idref="fl-7"/>
      </object_component>
      <object_component id="oc-2a5">
         <name>.debug_info</name>
         <load_address>0x4ab5</load_address>
         <run_address>0x4ab5</run_address>
         <size>0x185</size>
         <input_file_ref idref="fl-7"/>
      </object_component>
      <object_component id="oc-365">
         <name>.debug_info</name>
         <load_address>0x4c3a</load_address>
         <run_address>0x4c3a</run_address>
         <size>0x190</size>
         <input_file_ref idref="fl-7"/>
      </object_component>
      <object_component id="oc-36b">
         <name>.debug_info</name>
         <load_address>0x4dca</load_address>
         <run_address>0x4dca</run_address>
         <size>0x190</size>
         <input_file_ref idref="fl-7"/>
      </object_component>
      <object_component id="oc-2be">
         <name>.debug_info</name>
         <load_address>0x4f5a</load_address>
         <run_address>0x4f5a</run_address>
         <size>0x185</size>
         <input_file_ref idref="fl-7"/>
      </object_component>
      <object_component id="oc-325">
         <name>.debug_info</name>
         <load_address>0x50df</load_address>
         <run_address>0x50df</run_address>
         <size>0x15c</size>
         <input_file_ref idref="fl-7"/>
      </object_component>
      <object_component id="oc-336">
         <name>.debug_info</name>
         <load_address>0x523b</load_address>
         <run_address>0x523b</run_address>
         <size>0x340</size>
         <input_file_ref idref="fl-8"/>
      </object_component>
      <object_component id="oc-297">
         <name>.debug_info</name>
         <load_address>0x557b</load_address>
         <run_address>0x557b</run_address>
         <size>0x176</size>
         <input_file_ref idref="fl-8"/>
      </object_component>
      <object_component id="oc-3b9">
         <name>.debug_info</name>
         <load_address>0x56f1</load_address>
         <run_address>0x56f1</run_address>
         <size>0x35c</size>
         <input_file_ref idref="fl-9"/>
      </object_component>
      <object_component id="oc-3e5">
         <name>.debug_info</name>
         <load_address>0x5a4d</load_address>
         <run_address>0x5a4d</run_address>
         <size>0x33c</size>
         <input_file_ref idref="fl-9"/>
      </object_component>
      <object_component id="oc-3b3">
         <name>.debug_info</name>
         <load_address>0x5d89</load_address>
         <run_address>0x5d89</run_address>
         <size>0x431</size>
         <input_file_ref idref="fl-9"/>
      </object_component>
      <object_component id="oc-338">
         <name>.debug_info</name>
         <load_address>0x61ba</load_address>
         <run_address>0x61ba</run_address>
         <size>0x16c</size>
         <input_file_ref idref="fl-9"/>
      </object_component>
      <object_component id="oc-137">
         <name>.debug_info</name>
         <load_address>0x6326</load_address>
         <run_address>0x6326</run_address>
         <size>0x615</size>
         <input_file_ref idref="fl-a"/>
      </object_component>
      <object_component id="oc-134">
         <name>.debug_info</name>
         <load_address>0x693b</load_address>
         <run_address>0x693b</run_address>
         <size>0xcc</size>
         <input_file_ref idref="fl-a"/>
      </object_component>
      <object_component id="oc-f9">
         <name>.debug_info</name>
         <load_address>0x6a07</load_address>
         <run_address>0x6a07</run_address>
         <size>0x13e</size>
         <input_file_ref idref="fl-a"/>
      </object_component>
      <object_component id="oc-116">
         <name>.debug_info</name>
         <load_address>0x6b45</load_address>
         <run_address>0x6b45</run_address>
         <size>0x12e</size>
         <input_file_ref idref="fl-a"/>
      </object_component>
      <object_component id="oc-b6">
         <name>.debug_info</name>
         <load_address>0x6c73</load_address>
         <run_address>0x6c73</run_address>
         <size>0x46f</size>
         <input_file_ref idref="fl-a"/>
      </object_component>
      <object_component id="oc-214">
         <name>.debug_info</name>
         <load_address>0x70e2</load_address>
         <run_address>0x70e2</run_address>
         <size>0x110</size>
         <input_file_ref idref="fl-a"/>
      </object_component>
      <object_component id="oc-13a">
         <name>.debug_info</name>
         <load_address>0x71f2</load_address>
         <run_address>0x71f2</run_address>
         <size>0x8b</size>
         <input_file_ref idref="fl-a"/>
      </object_component>
      <object_component id="oc-42">
         <name>.debug_info</name>
         <load_address>0x727d</load_address>
         <run_address>0x727d</run_address>
         <size>0x29e</size>
         <input_file_ref idref="fl-b"/>
      </object_component>
      <object_component id="oc-11">
         <name>.debug_info</name>
         <load_address>0x751b</load_address>
         <run_address>0x751b</run_address>
         <size>0xdd</size>
         <input_file_ref idref="fl-b"/>
      </object_component>
      <object_component id="oc-29">
         <name>.debug_info</name>
         <load_address>0x75f8</load_address>
         <run_address>0x75f8</run_address>
         <size>0x10d</size>
         <input_file_ref idref="fl-b"/>
      </object_component>
      <object_component id="oc-31">
         <name>.debug_info</name>
         <load_address>0x7705</load_address>
         <run_address>0x7705</run_address>
         <size>0xfb</size>
         <input_file_ref idref="fl-b"/>
      </object_component>
      <object_component id="oc-3b">
         <name>.debug_info</name>
         <load_address>0x7800</load_address>
         <run_address>0x7800</run_address>
         <size>0x116</size>
         <input_file_ref idref="fl-b"/>
      </object_component>
      <object_component id="oc-36">
         <name>.debug_info</name>
         <load_address>0x7916</load_address>
         <run_address>0x7916</run_address>
         <size>0x101</size>
         <input_file_ref idref="fl-b"/>
      </object_component>
      <object_component id="oc-2dc">
         <name>.debug_info</name>
         <load_address>0x7a17</load_address>
         <run_address>0x7a17</run_address>
         <size>0x271</size>
         <input_file_ref idref="fl-c"/>
      </object_component>
      <object_component id="oc-1f6">
         <name>.debug_info</name>
         <load_address>0x7c88</load_address>
         <run_address>0x7c88</run_address>
         <size>0x12e</size>
         <input_file_ref idref="fl-c"/>
      </object_component>
      <object_component id="oc-1fd">
         <name>.debug_info</name>
         <load_address>0x7db6</load_address>
         <run_address>0x7db6</run_address>
         <size>0x140</size>
         <input_file_ref idref="fl-c"/>
      </object_component>
      <object_component id="oc-1a8">
         <name>.debug_info</name>
         <load_address>0x7ef6</load_address>
         <run_address>0x7ef6</run_address>
         <size>0x339</size>
         <input_file_ref idref="fl-d"/>
      </object_component>
      <object_component id="oc-f1">
         <name>.debug_info</name>
         <load_address>0x822f</load_address>
         <run_address>0x822f</run_address>
         <size>0x369</size>
         <input_file_ref idref="fl-d"/>
      </object_component>
      <object_component id="oc-12d">
         <name>.debug_info</name>
         <load_address>0x8598</load_address>
         <run_address>0x8598</run_address>
         <size>0x269</size>
         <input_file_ref idref="fl-d"/>
      </object_component>
      <object_component id="oc-1b7">
         <name>.debug_info</name>
         <load_address>0x8801</load_address>
         <run_address>0x8801</run_address>
         <size>0x2ba</size>
         <input_file_ref idref="fl-e"/>
      </object_component>
      <object_component id="oc-25e">
         <name>.debug_info</name>
         <load_address>0x8abb</load_address>
         <run_address>0x8abb</run_address>
         <size>0xfb</size>
         <input_file_ref idref="fl-e"/>
      </object_component>
      <object_component id="oc-25b">
         <name>.debug_info</name>
         <load_address>0x8bb6</load_address>
         <run_address>0x8bb6</run_address>
         <size>0x103</size>
         <input_file_ref idref="fl-e"/>
      </object_component>
      <object_component id="oc-258">
         <name>.debug_info</name>
         <load_address>0x8cb9</load_address>
         <run_address>0x8cb9</run_address>
         <size>0x107</size>
         <input_file_ref idref="fl-e"/>
      </object_component>
      <object_component id="oc-265">
         <name>.debug_info</name>
         <load_address>0x8dc0</load_address>
         <run_address>0x8dc0</run_address>
         <size>0x1f2</size>
         <input_file_ref idref="fl-e"/>
      </object_component>
      <object_component id="oc-1b1">
         <name>.debug_info</name>
         <load_address>0x8fb2</load_address>
         <run_address>0x8fb2</run_address>
         <size>0x324</size>
         <input_file_ref idref="fl-e"/>
      </object_component>
      <object_component id="oc-fd">
         <name>.debug_info</name>
         <load_address>0x92d6</load_address>
         <run_address>0x92d6</run_address>
         <size>0x1bf</size>
         <input_file_ref idref="fl-e"/>
      </object_component>
      <object_component id="oc-260">
         <name>.debug_info</name>
         <load_address>0x9495</load_address>
         <run_address>0x9495</run_address>
         <size>0x23d</size>
         <input_file_ref idref="fl-e"/>
      </object_component>
      <object_component id="oc-1aa">
         <name>.debug_info</name>
         <load_address>0x96d2</load_address>
         <run_address>0x96d2</run_address>
         <size>0x255</size>
         <input_file_ref idref="fl-e"/>
      </object_component>
      <object_component id="oc-24d">
         <name>.debug_info</name>
         <load_address>0x9927</load_address>
         <run_address>0x9927</run_address>
         <size>0x3e4</size>
         <input_file_ref idref="fl-14"/>
      </object_component>
      <object_component id="oc-251">
         <name>.debug_info</name>
         <load_address>0x9d0b</load_address>
         <run_address>0x9d0b</run_address>
         <size>0x2bc</size>
         <input_file_ref idref="fl-14"/>
      </object_component>
      <object_component id="oc-19e">
         <name>.debug_info</name>
         <load_address>0x9fc7</load_address>
         <run_address>0x9fc7</run_address>
         <size>0x31f</size>
         <input_file_ref idref="fl-14"/>
      </object_component>
      <object_component id="oc-1a5">
         <name>.debug_info</name>
         <load_address>0xa2e6</load_address>
         <run_address>0xa2e6</run_address>
         <size>0x2a9</size>
         <input_file_ref idref="fl-14"/>
      </object_component>
      <object_component id="oc-19a">
         <name>.debug_info</name>
         <load_address>0xa58f</load_address>
         <run_address>0xa58f</run_address>
         <size>0x441</size>
         <input_file_ref idref="fl-16"/>
      </object_component>
      <object_component id="oc-191">
         <name>.debug_info</name>
         <load_address>0xa9d0</load_address>
         <run_address>0xa9d0</run_address>
         <size>0x156</size>
         <input_file_ref idref="fl-16"/>
      </object_component>
      <object_component id="oc-194">
         <name>.debug_info</name>
         <load_address>0xab26</load_address>
         <run_address>0xab26</run_address>
         <size>0x162</size>
         <input_file_ref idref="fl-16"/>
      </object_component>
      <object_component id="oc-237">
         <name>.debug_info</name>
         <load_address>0xac88</load_address>
         <run_address>0xac88</run_address>
         <size>0x15c</size>
         <input_file_ref idref="fl-16"/>
      </object_component>
      <object_component id="oc-197">
         <name>.debug_info</name>
         <load_address>0xade4</load_address>
         <run_address>0xade4</run_address>
         <size>0x169</size>
         <input_file_ref idref="fl-16"/>
      </object_component>
      <object_component id="oc-185">
         <name>.debug_info</name>
         <load_address>0xaf4d</load_address>
         <run_address>0xaf4d</run_address>
         <size>0x279</size>
         <input_file_ref idref="fl-16"/>
      </object_component>
      <object_component id="oc-18b">
         <name>.debug_info</name>
         <load_address>0xb1c6</load_address>
         <run_address>0xb1c6</run_address>
         <size>0x2c3</size>
         <input_file_ref idref="fl-16"/>
      </object_component>
      <object_component id="oc-eb">
         <name>.debug_info</name>
         <load_address>0xb489</load_address>
         <run_address>0xb489</run_address>
         <size>0x4a3</size>
         <input_file_ref idref="fl-16"/>
      </object_component>
      <object_component id="oc-248">
         <name>.debug_info</name>
         <load_address>0xb92c</load_address>
         <run_address>0xb92c</run_address>
         <size>0x51</size>
         <input_file_ref idref="fl-16"/>
      </object_component>
      <object_component id="oc-39a">
         <name>.debug_info</name>
         <load_address>0xb97d</load_address>
         <run_address>0xb97d</run_address>
         <size>0x3da</size>
         <input_file_ref idref="fl-cd"/>
      </object_component>
      <object_component id="oc-397">
         <name>.debug_info</name>
         <load_address>0xbd57</load_address>
         <run_address>0xbd57</run_address>
         <size>0x113</size>
         <input_file_ref idref="fl-cd"/>
      </object_component>
      <object_component id="oc-329">
         <name>.debug_info</name>
         <load_address>0xbe6a</load_address>
         <run_address>0xbe6a</run_address>
         <size>0x1d1</size>
         <input_file_ref idref="fl-cd"/>
      </object_component>
      <object_component id="oc-38d">
         <name>.debug_info</name>
         <load_address>0xc03b</load_address>
         <run_address>0xc03b</run_address>
         <size>0x209</size>
         <input_file_ref idref="fl-cd"/>
      </object_component>
      <object_component id="oc-31d">
         <name>.debug_info</name>
         <load_address>0xc244</load_address>
         <run_address>0xc244</run_address>
         <size>0x2d2</size>
         <input_file_ref idref="fl-cd"/>
      </object_component>
      <object_component id="oc-3dc">
         <name>.debug_info</name>
         <load_address>0xc516</load_address>
         <run_address>0xc516</run_address>
         <size>0x2c</size>
         <input_file_ref idref="fl-cd"/>
      </object_component>
      <object_component id="oc-39c">
         <name>.debug_info</name>
         <load_address>0xc542</load_address>
         <run_address>0xc542</run_address>
         <size>0x2c</size>
         <input_file_ref idref="fl-cd"/>
      </object_component>
      <object_component id="oc-3d2">
         <name>.debug_info</name>
         <load_address>0xc56e</load_address>
         <run_address>0xc56e</run_address>
         <size>0x2c</size>
         <input_file_ref idref="fl-cd"/>
      </object_component>
      <object_component id="oc-3a1">
         <name>.debug_info</name>
         <load_address>0xc59a</load_address>
         <run_address>0xc59a</run_address>
         <size>0x17a</size>
         <input_file_ref idref="fl-cd"/>
      </object_component>
      <object_component id="oc-3d7">
         <name>.debug_info</name>
         <load_address>0xc714</load_address>
         <run_address>0xc714</run_address>
         <size>0xca</size>
         <input_file_ref idref="fl-cd"/>
      </object_component>
      <object_component id="oc-312">
         <name>.debug_info</name>
         <load_address>0xc7de</load_address>
         <run_address>0xc7de</run_address>
         <size>0x135</size>
         <input_file_ref idref="fl-ce"/>
      </object_component>
      <object_component id="oc-ab">
         <name>.debug_info</name>
         <load_address>0xc913</load_address>
         <run_address>0xc913</run_address>
         <size>0x148</size>
         <input_file_ref idref="fl-cf"/>
      </object_component>
      <object_component id="oc-3c1">
         <name>.debug_info</name>
         <load_address>0xca5b</load_address>
         <run_address>0xca5b</run_address>
         <size>0x123</size>
         <input_file_ref idref="fl-d0"/>
      </object_component>
      <object_component id="oc-318">
         <name>.debug_info</name>
         <load_address>0xcb7e</load_address>
         <run_address>0xcb7e</run_address>
         <size>0x123</size>
         <input_file_ref idref="fl-d1"/>
      </object_component>
      <object_component id="oc-50">
         <name>.debug_info</name>
         <load_address>0xcca1</load_address>
         <run_address>0xcca1</run_address>
         <size>0x11a</size>
         <input_file_ref idref="fl-d2"/>
      </object_component>
      <object_component id="oc-26c">
         <name>.debug_info</name>
         <load_address>0xcdbb</load_address>
         <run_address>0xcdbb</run_address>
         <size>0x143</size>
         <input_file_ref idref="fl-d3"/>
      </object_component>
      <object_component id="oc-a8">
         <name>.debug_info</name>
         <load_address>0xcefe</load_address>
         <run_address>0xcefe</run_address>
         <size>0x2d5</size>
         <input_file_ref idref="fl-d4"/>
      </object_component>
      <object_component id="oc-5c">
         <name>.debug_info</name>
         <load_address>0xd1d3</load_address>
         <run_address>0xd1d3</run_address>
         <size>0x1d3</size>
         <input_file_ref idref="fl-d4"/>
      </object_component>
      <object_component id="oc-a3">
         <name>.debug_info</name>
         <load_address>0xd3a6</load_address>
         <run_address>0xd3a6</run_address>
         <size>0x46</size>
         <input_file_ref idref="fl-d4"/>
      </object_component>
      <object_component id="oc-59">
         <name>.debug_info</name>
         <load_address>0xd3ec</load_address>
         <run_address>0xd3ec</run_address>
         <size>0x2a9</size>
         <input_file_ref idref="fl-d5"/>
      </object_component>
      <object_component id="oc-1a">
         <name>.debug_info</name>
         <load_address>0xd695</load_address>
         <run_address>0xd695</run_address>
         <size>0x1eb</size>
         <input_file_ref idref="fl-d5"/>
      </object_component>
      <object_component id="oc-54">
         <name>.debug_info</name>
         <load_address>0xd880</load_address>
         <run_address>0xd880</run_address>
         <size>0x46</size>
         <input_file_ref idref="fl-d5"/>
      </object_component>
      <object_component id="oc-9b">
         <name>.debug_info</name>
         <load_address>0xd8c6</load_address>
         <run_address>0xd8c6</run_address>
         <size>0x2c</size>
         <input_file_ref idref="fl-d5"/>
      </object_component>
      <object_component id="oc-99">
         <name>.debug_info</name>
         <load_address>0xd8f2</load_address>
         <run_address>0xd8f2</run_address>
         <size>0x29f</size>
         <input_file_ref idref="fl-d6"/>
      </object_component>
      <object_component id="oc-17">
         <name>.debug_info</name>
         <load_address>0xdb91</load_address>
         <run_address>0xdb91</run_address>
         <size>0x251</size>
         <input_file_ref idref="fl-d6"/>
      </object_component>
      <object_component id="oc-44">
         <name>.debug_info</name>
         <load_address>0xdde2</load_address>
         <run_address>0xdde2</run_address>
         <size>0x60</size>
         <input_file_ref idref="fl-d6"/>
      </object_component>
      <object_component id="oc-da">
         <name>.debug_info</name>
         <load_address>0xde42</load_address>
         <run_address>0xde42</run_address>
         <size>0x46</size>
         <input_file_ref idref="fl-d6"/>
      </object_component>
      <object_component id="oc-94">
         <name>.debug_info</name>
         <load_address>0xde88</load_address>
         <run_address>0xde88</run_address>
         <size>0x39</size>
         <input_file_ref idref="fl-d6"/>
      </object_component>
      <object_component id="oc-80">
         <name>.debug_info</name>
         <load_address>0xdec1</load_address>
         <run_address>0xdec1</run_address>
         <size>0x3b3</size>
         <input_file_ref idref="fl-d7"/>
      </object_component>
      <object_component id="oc-23">
         <name>.debug_info</name>
         <load_address>0xe274</load_address>
         <run_address>0xe274</run_address>
         <size>0x10d</size>
         <input_file_ref idref="fl-d7"/>
      </object_component>
      <object_component id="oc-287">
         <name>.debug_info</name>
         <load_address>0xe381</load_address>
         <run_address>0xe381</run_address>
         <size>0x140</size>
         <input_file_ref idref="fl-d7"/>
      </object_component>
      <object_component id="oc-10b">
         <name>.debug_info</name>
         <load_address>0xe4c1</load_address>
         <run_address>0xe4c1</run_address>
         <size>0x169</size>
         <input_file_ref idref="fl-d7"/>
      </object_component>
      <object_component id="oc-203">
         <name>.debug_info</name>
         <load_address>0xe62a</load_address>
         <run_address>0xe62a</run_address>
         <size>0x18f</size>
         <input_file_ref idref="fl-d7"/>
      </object_component>
      <object_component id="oc-20a">
         <name>.debug_info</name>
         <load_address>0xe7b9</load_address>
         <run_address>0xe7b9</run_address>
         <size>0x1a0</size>
         <input_file_ref idref="fl-d7"/>
      </object_component>
      <object_component id="oc-127">
         <name>.debug_info</name>
         <load_address>0xe959</load_address>
         <run_address>0xe959</run_address>
         <size>0x204</size>
         <input_file_ref idref="fl-d7"/>
      </object_component>
      <object_component id="oc-283">
         <name>.debug_info</name>
         <load_address>0xeb5d</load_address>
         <run_address>0xeb5d</run_address>
         <size>0x1dc</size>
         <input_file_ref idref="fl-d7"/>
      </object_component>
      <object_component id="oc-392">
         <name>.debug_info</name>
         <load_address>0xed39</load_address>
         <run_address>0xed39</run_address>
         <size>0x26f</size>
         <input_file_ref idref="fl-d7"/>
      </object_component>
      <object_component id="oc-1c7">
         <name>.debug_info</name>
         <load_address>0xefa8</load_address>
         <run_address>0xefa8</run_address>
         <size>0x29a</size>
         <input_file_ref idref="fl-d7"/>
      </object_component>
      <object_component id="oc-ce">
         <name>.debug_info</name>
         <load_address>0xf242</load_address>
         <run_address>0xf242</run_address>
         <size>0xb2</size>
         <input_file_ref idref="fl-d7"/>
      </object_component>
      <object_component id="oc-c9">
         <name>.debug_info</name>
         <load_address>0xf2f4</load_address>
         <run_address>0xf2f4</run_address>
         <size>0x2c</size>
         <input_file_ref idref="fl-d7"/>
      </object_component>
      <object_component id="oc-1c4">
         <name>.debug_info</name>
         <load_address>0xf320</load_address>
         <run_address>0xf320</run_address>
         <size>0x2bb</size>
         <input_file_ref idref="fl-d8"/>
      </object_component>
      <object_component id="oc-1c1">
         <name>.debug_info</name>
         <load_address>0xf5db</load_address>
         <run_address>0xf5db</run_address>
         <size>0xfc</size>
         <input_file_ref idref="fl-d8"/>
      </object_component>
      <object_component id="oc-105">
         <name>.debug_info</name>
         <load_address>0xf6d7</load_address>
         <run_address>0xf6d7</run_address>
         <size>0x15e</size>
         <input_file_ref idref="fl-d8"/>
      </object_component>
      <object_component id="oc-1dc">
         <name>.debug_info</name>
         <load_address>0xf835</load_address>
         <run_address>0xf835</run_address>
         <size>0x13e</size>
         <input_file_ref idref="fl-d8"/>
      </object_component>
      <object_component id="oc-26">
         <name>.debug_info</name>
         <load_address>0xf973</load_address>
         <run_address>0xf973</run_address>
         <size>0x10c</size>
         <input_file_ref idref="fl-d9"/>
      </object_component>
      <object_component id="oc-6e">
         <name>.debug_info</name>
         <load_address>0xfa7f</load_address>
         <run_address>0xfa7f</run_address>
         <size>0x1aa</size>
         <input_file_ref idref="fl-d9"/>
      </object_component>
      <object_component id="oc-388">
         <name>.debug_info</name>
         <load_address>0xfc29</load_address>
         <run_address>0xfc29</run_address>
         <size>0x169</size>
         <input_file_ref idref="fl-da"/>
      </object_component>
      <object_component id="oc-308">
         <name>.debug_info</name>
         <load_address>0xfd92</load_address>
         <run_address>0xfd92</run_address>
         <size>0x116</size>
         <input_file_ref idref="fl-db"/>
      </object_component>
      <object_component id="oc-221">
         <name>.debug_info</name>
         <load_address>0xfea8</load_address>
         <run_address>0xfea8</run_address>
         <size>0x4b4</size>
         <input_file_ref idref="fl-dc"/>
      </object_component>
      <object_component id="oc-14e">
         <name>.debug_info</name>
         <load_address>0x1035c</load_address>
         <run_address>0x1035c</run_address>
         <size>0x1a7</size>
         <input_file_ref idref="fl-dc"/>
      </object_component>
      <object_component id="oc-2e6">
         <name>.debug_info</name>
         <load_address>0x10503</load_address>
         <run_address>0x10503</run_address>
         <size>0x39</size>
         <input_file_ref idref="fl-dc"/>
      </object_component>
      <object_component id="oc-375">
         <name>.debug_info</name>
         <load_address>0x1053c</load_address>
         <run_address>0x1053c</run_address>
         <size>0x39</size>
         <input_file_ref idref="fl-dc"/>
      </object_component>
      <object_component id="oc-2eb">
         <name>.debug_info</name>
         <load_address>0x10575</load_address>
         <run_address>0x10575</run_address>
         <size>0x39</size>
         <input_file_ref idref="fl-dc"/>
      </object_component>
      <object_component id="oc-2f0">
         <name>.debug_info</name>
         <load_address>0x105ae</load_address>
         <run_address>0x105ae</run_address>
         <size>0xcd</size>
         <input_file_ref idref="fl-dc"/>
      </object_component>
      <object_component id="oc-b0">
         <name>.debug_info</name>
         <load_address>0x1067b</load_address>
         <run_address>0x1067b</run_address>
         <size>0x154</size>
         <input_file_ref idref="fl-dd"/>
      </object_component>
      <object_component id="oc-140">
         <name>.debug_info</name>
         <load_address>0x107cf</load_address>
         <run_address>0x107cf</run_address>
         <size>0x123</size>
         <input_file_ref idref="fl-df"/>
      </object_component>
      <object_component id="oc-27a">
         <name>.debug_info</name>
         <load_address>0x108f2</load_address>
         <run_address>0x108f2</run_address>
         <size>0x2ca</size>
         <input_file_ref idref="fl-e0"/>
      </object_component>
      <object_component id="oc-1be">
         <name>.debug_info</name>
         <load_address>0x10bbc</load_address>
         <run_address>0x10bbc</run_address>
         <size>0x11f</size>
         <input_file_ref idref="fl-e0"/>
      </object_component>
      <object_component id="oc-274">
         <name>.debug_info</name>
         <load_address>0x10cdb</load_address>
         <run_address>0x10cdb</run_address>
         <size>0x12f</size>
         <input_file_ref idref="fl-e0"/>
      </object_component>
      <object_component id="oc-42a">
         <name>.debug_info</name>
         <load_address>0x10e0a</load_address>
         <run_address>0x10e0a</run_address>
         <size>0x9d</size>
      </object_component>
      <object_component id="oc-17e">
         <name>.debug_line</name>
         <load_address>0x0</load_address>
         <run_address>0x0</run_address>
         <size>0xbb</size>
         <input_file_ref idref="fl-2"/>
      </object_component>
      <object_component id="oc-291">
         <name>.debug_line</name>
         <load_address>0xbb</load_address>
         <run_address>0xbb</run_address>
         <size>0x6a</size>
         <input_file_ref idref="fl-2"/>
      </object_component>
      <object_component id="oc-29d">
         <name>.debug_line</name>
         <load_address>0x125</load_address>
         <run_address>0x125</run_address>
         <size>0xa6</size>
         <input_file_ref idref="fl-2"/>
      </object_component>
      <object_component id="oc-1cd">
         <name>.debug_line</name>
         <load_address>0x1cb</load_address>
         <run_address>0x1cb</run_address>
         <size>0xc0</size>
         <input_file_ref idref="fl-2"/>
      </object_component>
      <object_component id="oc-2c2">
         <name>.debug_line</name>
         <load_address>0x28b</load_address>
         <run_address>0x28b</run_address>
         <size>0x63</size>
         <input_file_ref idref="fl-2"/>
      </object_component>
      <object_component id="oc-1e9">
         <name>.debug_line</name>
         <load_address>0x2ee</load_address>
         <run_address>0x2ee</run_address>
         <size>0x13a</size>
         <input_file_ref idref="fl-2"/>
      </object_component>
      <object_component id="oc-2d8">
         <name>.debug_line</name>
         <load_address>0x428</load_address>
         <run_address>0x428</run_address>
         <size>0x60</size>
         <input_file_ref idref="fl-2"/>
      </object_component>
      <object_component id="oc-1f3">
         <name>.debug_line</name>
         <load_address>0x488</load_address>
         <run_address>0x488</run_address>
         <size>0x9e</size>
         <input_file_ref idref="fl-2"/>
      </object_component>
      <object_component id="oc-182">
         <name>.debug_line</name>
         <load_address>0x526</load_address>
         <run_address>0x526</run_address>
         <size>0x2d</size>
         <input_file_ref idref="fl-2"/>
      </object_component>
      <object_component id="oc-8d">
         <name>.debug_line</name>
         <load_address>0x553</load_address>
         <run_address>0x553</run_address>
         <size>0x68</size>
         <input_file_ref idref="fl-2"/>
      </object_component>
      <object_component id="oc-4c">
         <name>.debug_line</name>
         <load_address>0x5bb</load_address>
         <run_address>0x5bb</run_address>
         <size>0x20</size>
         <input_file_ref idref="fl-2"/>
      </object_component>
      <object_component id="oc-d6">
         <name>.debug_line</name>
         <load_address>0x5db</load_address>
         <run_address>0x5db</run_address>
         <size>0x6c</size>
         <input_file_ref idref="fl-2"/>
      </object_component>
      <object_component id="oc-23e">
         <name>.debug_line</name>
         <load_address>0x647</load_address>
         <run_address>0x647</run_address>
         <size>0x68</size>
         <input_file_ref idref="fl-2"/>
      </object_component>
      <object_component id="oc-92">
         <name>.debug_line</name>
         <load_address>0x6af</load_address>
         <run_address>0x6af</run_address>
         <size>0x69</size>
         <input_file_ref idref="fl-2"/>
      </object_component>
      <object_component id="oc-e4">
         <name>.debug_line</name>
         <load_address>0x718</load_address>
         <run_address>0x718</run_address>
         <size>0x64</size>
         <input_file_ref idref="fl-2"/>
      </object_component>
      <object_component id="oc-1bb">
         <name>.debug_line</name>
         <load_address>0x77c</load_address>
         <run_address>0x77c</run_address>
         <size>0x64</size>
         <input_file_ref idref="fl-2"/>
      </object_component>
      <object_component id="oc-3e3">
         <name>.debug_line</name>
         <load_address>0x7e0</load_address>
         <run_address>0x7e0</run_address>
         <size>0x20</size>
         <input_file_ref idref="fl-3"/>
      </object_component>
      <object_component id="oc-3ac">
         <name>.debug_line</name>
         <load_address>0x800</load_address>
         <run_address>0x800</run_address>
         <size>0x5c</size>
         <input_file_ref idref="fl-3"/>
      </object_component>
      <object_component id="oc-330">
         <name>.debug_line</name>
         <load_address>0x85c</load_address>
         <run_address>0x85c</run_address>
         <size>0x88</size>
         <input_file_ref idref="fl-3"/>
      </object_component>
      <object_component id="oc-361">
         <name>.debug_line</name>
         <load_address>0x8e4</load_address>
         <run_address>0x8e4</run_address>
         <size>0x20</size>
         <input_file_ref idref="fl-4"/>
      </object_component>
      <object_component id="oc-3f4">
         <name>.debug_line</name>
         <load_address>0x904</load_address>
         <run_address>0x904</run_address>
         <size>0x30</size>
         <input_file_ref idref="fl-4"/>
      </object_component>
      <object_component id="oc-356">
         <name>.debug_line</name>
         <load_address>0x934</load_address>
[...]
   </logical_group_list>
   <placement_map>
      <memory_area display="yes" color="green">
         <name>FLASH</name>
         <page_id>0x0</page_id>
         <origin>0x0</origin>
         <length>0x100000</length>
         <used_space>0x4668</used_space>
         <unused_space>0xfb998</unused_space>
         <attributes>RX</attributes>
         <usage_details>
            <allocated_space>
               <start_address>0x0</start_address>
               <size>0x0</size>
               <logical_group_ref idref="lg-41a"/>
            </allocated_space>
            <allocated_space>
               <start_address>0x0</start_address>
               <size>0x200</size>
               <logical_group_ref idref="lg-3"/>
            </allocated_space>
            <allocated_space>
               <start_address>0x200</start_address>
               <size>0x40c4</size>
               <logical_group_ref idref="lg-4"/>
            </allocated_space>
            <available_space>
               <start_address>0x42c4</start_address>
               <size>0x4</size>
            </available_space>
            <allocated_space>
               <start_address>0x42c8</start_address>
               <size>0x36c</size>
               <logical_group_ref idref="lg-5"/>
            </allocated_space>
            <available_space>
               <start_address>0x4634</start_address>
               <size>0x4</size>
            </available_space>
            <allocated_space>
               <start_address>0x4638</start_address>
               <size>0x38</size>
               <logical_group_ref idref="lg-6"/>
            </allocated_space>
            <available_space>
               <start_address>0x4670</start_address>
               <size>0xfb990</size>
            </available_space>
         </usage_details>
      </memory_area>
      <memory_area display="yes" color="green">
         <name>SRAM</name>
         <page_id>0x0</page_id>
         <origin>0x20000000</origin>
         <length>0x40000</length>
         <used_space>0x843c</used_space>
         <unused_space>0x37bc4</unused_space>
         <attributes>RWX</attributes>
         <usage_details>
            <allocated_space>
               <start_address>0x20000000</start_address>
               <size>0x8000</size>
               <logical_group_ref idref="lg-c"/>
            </allocated_space>
            <allocated_space>
               <start_address>0x20008000</start_address>
               <size>0x400</size>
               <logical_group_ref idref="lg-d"/>
            </allocated_space>
            <allocated_space>
               <start_address>0x20008400</start_address>
               <size>0x20</size>
               <logical_group_ref idref="lg-b"/>
            </allocated_space>
            <allocated_space>
               <start_address>0x20008420</start_address>
               <size>0x1c</size>
               <logical_group_ref idref="lg-a"/>
            </allocated_space>
            <available_space>
               <start_address>0x2000843c</start_address>
               <size>0x37bc4</size>
            </available_space>
         </usage_details>
      </memory_area>
   </placement_map>
   <cptbl_list>
      <cptbl>
         <name>__TI_cinit_table</name>
         <cprec>
            <name>.data</name>
            <load_address>0x4638</load_address>
            <load_size>0x10</load_size>
            <run_address>0x20008420</run_address>
            <run_size>0x1c</run_size>
            <compression>lzss</compression>
         </cprec>
         <cprec>
            <name>.bss</name>
            <load_address>0x4658</load_address>
            <load_size>0x8</load_size>
            <run_address>0x20008400</run_address>
            <run_size>0x20</run_size>
            <compression>zero_init</compression>
         </cprec>
      </cptbl>
   </cptbl_list>
   <handler_table>
      <handler_table_name>__TI_handler_table</handler_table_name>
      <handler>
         <index>0x0</index>
         <name>__TI_decompress_lzss</name>
      </handler>
      <handler>
         <index>0x1</index>
         <name>__TI_decompress_none</name>
      </handler>
      <handler>
         <index>0x2</index>
         <name>__TI_zero_init</name>
      </handler>
   </handler_table>
   <symbol_table>
      <symbol id="sm-1">
         <name>__STACK_TOP</name>
         <value>0x20008200</value>
      </symbol>
      <symbol id="sm-2">
         <name>__TI_CINIT_Base</name>
         <value>0x4660</value>
      </symbol>
      <symbol id="sm-3">
         <name>__TI_CINIT_Limit</name>
         <value>0x4670</value>
      </symbol>
      <symbol id="sm-4">
         <name>__TI_Handler_Table_Base</name>
         <value>0x4648</value>
      </symbol>
      <symbol id="sm-5">
         <name>__TI_Handler_Table_Limit</name>
         <value>0x4654</value>
      </symbol>
      <symbol id="sm-6">
         <name>binit</name>
         <value>0xffffffff</value>
      </symbol>
      <symbol id="sm-7">
         <name>__binit__</name>
         <value>0xffffffff</value>
      </symbol>
      <symbol id="sm-8">
         <name>__STACK_SIZE</name>
         <value>0x400</value>
      </symbol>
      <symbol id="sm-9">
         <name>__STACK_END</name>
         <value>0x20008400</value>
      </symbol>
      <symbol id="sm-a">
         <name>__SYSMEM_SIZE</name>
         <value>0x8000</value>
      </symbol>
      <symbol id="sm-b">
         <name>__c_args__</name>
         <value>0xffffffff</value>
      </symbol>
      <symbol id="sm-c">
         <name>__TI_pprof_out_hndl</name>
         <value>0xffffffff</value>
      </symbol>
      <symbol id="sm-d">
         <name>__TI_prof_data_start</name>
         <value>0xffffffff</value>
      </symbol>
      <symbol id="sm-e">
         <name>__TI_prof_data_size</name>
         <value>0xffffffff</value>
      </symbol>
      <symbol id="sm-ba">
         <name>indcpa_kem_dec</name>
         <value>0x31a1</value>
         <object_component_ref idref="oc-1ef"/>
      </symbol>
      <symbol id="sm-bb">
         <name>indcpa_kem_keypair</name>
         <value>0x2b29</value>
         <object_component_ref idref="oc-1cc"/>
      </symbol>
      <symbol id="sm-bc">
         <name>MatrixVectorMul</name>
         <value>0x2e29</value>
         <object_component_ref idref="oc-29c"/>
      </symbol>
      <symbol id="sm-bd">
         <name>GenMatrix</name>
         <value>0x3905</value>
         <object_component_ref idref="oc-290"/>
      </symbol>
      <symbol id="sm-be">
         <name>POL2MSG</name>
         <value>0x4021</value>
         <object_component_ref idref="oc-2d4"/>
      </symbol>
      <symbol id="sm-bf">
         <name>InnerProd</name>
         <value>0x3b29</value>
         <object_component_ref idref="oc-2c1"/>
      </symbol>
      <symbol id="sm-c0">
         <name>indcpa_kem_enc</name>
         <value>0x259d</value>
         <object_component_ref idref="oc-1e8"/>
      </symbol>
      <symbol id="sm-da">
         <name>cbd</name>
         <value>0x397b</value>
         <object_component_ref idref="oc-32f"/>
      </symbol>
      <symbol id="sm-145">
         <name>sha3_512</name>
         <value>0x3d61</value>
         <object_component_ref idref="oc-1e2"/>
      </symbol>
      <symbol id="sm-146">
         <name>shake128</name>
         <value>0x33c1</value>
         <object_component_ref idref="oc-28a"/>
      </symbol>
      <symbol id="sm-147">
         <name>sha3_256</name>
         <value>0x3d09</value>
         <object_component_ref idref="oc-1d2"/>
      </symbol>
      <symbol id="sm-148">
         <name>KeccakF1600_StatePermute</name>
         <value>0x201</value>
         <object_component_ref idref="oc-352"/>
      </symbol>
      <symbol id="sm-16d">
         <name>crypto_kem_enc</name>
         <value>0x3b8d</value>
         <object_component_ref idref="oc-11a"/>
      </symbol>
      <symbol id="sm-16e">
         <name>crypto_kem_dec</name>
         <value>0x3261</value>
         <object_component_ref idref="oc-120"/>
      </symbol>
      <symbol id="sm-16f">
         <name>crypto_kem_keypair</name>
         <value>0x3db9</value>
         <object_component_ref idref="oc-10e"/>
      </symbol>
      <symbol id="sm-1d4">
         <name>POLVEC2BS</name>
         <value>0x4281</value>
         <object_component_ref idref="oc-2a2"/>
      </symbol>
      <symbol id="sm-1d5">
         <name>BS2POLVEC</name>
         <value>0x4255</value>
         <object_component_ref idref="oc-2bb"/>
      </symbol>
      <symbol id="sm-1d6">
         <name>SABER_pack_4bit</name>
         <value>0x414d</value>
         <object_component_ref idref="oc-2c7"/>
      </symbol>
      <symbol id="sm-1d7">
         <name>BS2POLVECp</name>
         <value>0x379b</value>
         <object_component_ref idref="oc-368"/>
      </symbol>
      <symbol id="sm-1d8">
         <name>BS2POLVECq</name>
         <value>0x2fef</value>
         <object_component_ref idref="oc-362"/>
      </symbol>
      <symbol id="sm-1d9">
         <name>SABER_un_pack4bit</name>
         <value>0x416f</value>
         <object_component_ref idref="oc-2ce"/>
      </symbol>
      <symbol id="sm-1da">
         <name>BS2POL</name>
         <value>0x3315</value>
         <object_component_ref idref="oc-322"/>
      </symbol>
      <symbol id="sm-1db">
         <name>POLVECq2BS</name>
         <value>0x2f0f</value>
         <object_component_ref idref="oc-33e"/>
      </symbol>
      <symbol id="sm-1dc">
         <name>POLVECp2BS</name>
         <value>0x3625</value>
         <object_component_ref idref="oc-344"/>
      </symbol>
      <symbol id="sm-1ea">
         <name>GenSecret</name>
         <value>0x3e0d</value>
         <object_component_ref idref="oc-296"/>
      </symbol>
      <symbol id="sm-21a">
         <name>karatsuba_simple</name>
         <value>0x1a91</value>
         <object_component_ref idref="oc-3e4"/>
      </symbol>
      <symbol id="sm-21b">
         <name>pol_mul</name>
         <value>0x3ac1</value>
         <object_component_ref idref="oc-337"/>
      </symbol>
      <symbol id="sm-21c">
         <name>toom_cook_4way</name>
         <value>0x1669</value>
         <object_component_ref idref="oc-3b2"/>
      </symbol>
      <symbol id="sm-277">
         <name>g_ui32SysClock</name>
         <value>0x2000841c</value>
      </symbol>
      <symbol id="sm-278">
         <name>main</name>
         <value>0x1d1d</value>
         <object_component_ref idref="oc-b5"/>
      </symbol>
      <symbol id="sm-279">
         <name>ConfigureUART</name>
         <value>0x3c51</value>
         <object_component_ref idref="oc-f6"/>
      </symbol>
      <symbol id="sm-27a">
         <name>charToInt</name>
         <value>0x3cad</value>
         <object_component_ref idref="oc-114"/>
      </symbol>
      <symbol id="sm-2ab">
         <name>ResetISR</name>
         <value>0x42ad</value>
         <object_component_ref idref="oc-28"/>
      </symbol>
      <symbol id="sm-2ac">
         <name>g_pfnVectors</name>
         <value>0x0</value>
         <object_component_ref idref="oc-10"/>
      </symbol>
      <symbol id="sm-2c5">
         <name>verify</name>
         <value>0x4053</value>
         <object_component_ref idref="oc-1f5"/>
      </symbol>
      <symbol id="sm-2c6">
         <name>cmov</name>
         <value>0x4105</value>
         <object_component_ref idref="oc-1fb"/>
      </symbol>
      <symbol id="sm-2f4">
         <name>LEDWrite</name>
         <value>0x35a1</value>
         <object_component_ref idref="oc-12c"/>
      </symbol>
      <symbol id="sm-2f5">
         <name>PinoutSet</name>
         <value>0x1fa1</value>
         <object_component_ref idref="oc-f0"/>
      </symbol>
      <symbol id="sm-364">
         <name>UARTStdioConfig</name>
         <value>0x3bf1</value>
         <object_component_ref idref="oc-1a9"/>
      </symbol>
      <symbol id="sm-365">
         <name>UARTwrite</name>
         <value>0x3e61</value>
         <object_component_ref idref="oc-264"/>
      </symbol>
      <symbol id="sm-366">
         <name>UARTprintf</name>
         <value>0x4209</value>
         <object_component_ref idref="oc-fc"/>
      </symbol>
      <symbol id="sm-367">
         <name>UARTvprintf</name>
         <value>0x23ad</value>
         <object_component_ref idref="oc-1b0"/>
      </symbol>
      <symbol id="sm-38d">
         <name>GPIODirModeSet</name>
         <value>0x4085</value>
         <object_component_ref idref="oc-24e"/>
      </symbol>
      <symbol id="sm-38e">
         <name>GPIOPadConfigSet</name>
         <value>0x2751</value>
         <object_component_ref idref="oc-19b"/>
      </symbol>
      <symbol id="sm-38f">
         <name>GPIOPinTypeEthernetLED</name>
         <value>0x426b</value>
         <object_component_ref idref="oc-1a1"/>
      </symbol>
      <symbol id="sm-3f6">
         <name>SysCtlDelay</name>
         <value>0x42b3</value>
         <object_component_ref idref="oc-132"/>
      </symbol>
      <symbol id="sm-3f7">
         <name>SysCtlClockFreqSet</name>
         <value>0x21ad</value>
         <object_component_ref idref="oc-ea"/>
      </symbol>
      <symbol id="sm-45c">
         <name>__vla_dealloc</name>
         <value>0x388d</value>
         <object_component_ref idref="oc-328"/>
      </symbol>
      <symbol id="sm-45d">
         <name>__vla_alloc</name>
         <value>0x29f5</value>
         <object_component_ref idref="oc-31c"/>
      </symbol>
      <symbol id="sm-46a">
         <name>__aeabi_uldivmod</name>
         <value>0x3509</value>
         <object_component_ref idref="oc-311"/>
      </symbol>
      <symbol id="sm-479">
         <name>__aeabi_memset</name>
         <value>0x3723</value>
         <object_component_ref idref="oc-a9"/>
      </symbol>
      <symbol id="sm-47a">
         <name>memset</name>
         <value>0x3729</value>
         <object_component_ref idref="oc-a9"/>
      </symbol>
      <symbol id="sm-47b">
         <name>__aeabi_memset8</name>
         <value>0x3723</value>
         <object_component_ref idref="oc-a9"/>
      </symbol>
      <symbol id="sm-47c">
         <name>__aeabi_memset4</name>
         <value>0x3723</value>
         <object_component_ref idref="oc-a9"/>
      </symbol>
      <symbol id="sm-47d">
         <name>__aeabi_memclr8</name>
         <value>0x3721</value>
         <object_component_ref idref="oc-a9"/>
      </symbol>
      <symbol id="sm-47e">
         <name>__aeabi_memclr4</name>
         <value>0x3721</value>
         <object_component_ref idref="oc-a9"/>
      </symbol>
      <symbol id="sm-47f">
         <name>__aeabi_memclr</name>
         <value>0x3721</value>
         <object_component_ref idref="oc-a9"/>
      </symbol>
      <symbol id="sm-488">
         <name>__aeabi_llsl</name>
         <value>0x41b1</value>
         <object_component_ref idref="oc-3be"/>
      </symbol>
      <symbol id="sm-491">
         <name>__aeabi_lmul</name>
         <value>0x423d</value>
         <object_component_ref idref="oc-316"/>
      </symbol>
      <symbol id="sm-4ac">
         <name>memcpy</name>
         <value>0x346d</value>
         <object_component_ref idref="oc-4e"/>
      </symbol>
      <symbol id="sm-4ad">
         <name>__aeabi_memcpy</name>
         <value>0x346d</value>
         <object_component_ref idref="oc-4e"/>
      </symbol>
      <symbol id="sm-4ae">
         <name>__aeabi_memcpy8</name>
         <value>0x346d</value>
         <object_component_ref idref="oc-4e"/>
      </symbol>
      <symbol id="sm-4af">
         <name>__aeabi_memcpy4</name>
         <value>0x346d</value>
         <object_component_ref idref="oc-4e"/>
      </symbol>
      <symbol id="sm-4be">
         <name>__aeabi_uidivmod</name>
         <value>0x3f3d</value>
         <object_component_ref idref="oc-26a"/>
      </symbol>
      <symbol id="sm-4bf">
         <name>__aeabi_uidiv</name>
         <value>0x3f3d</value>
         <object_component_ref idref="oc-26a"/>
      </symbol>
      <symbol id="sm-4d3">
         <name>__TI_zero_init_nomemset</name>
         <value>0x41cf</value>
         <object_component_ref idref="oc-5a"/>
      </symbol>
      <symbol id="sm-4ea">
         <name>__TI_decompress_none</name>
         <value>0x4297</value>
         <object_component_ref idref="oc-19"/>
      </symbol>
      <symbol id="sm-50d">
         <name>__TI_decompress_lzss</name>
         <value>0x39ef</value>
         <object_component_ref idref="oc-13"/>
      </symbol>
      <symbol id="sm-5aa">
         <name>_sys_memory</name>
         <value>0x20000000</value>
         <object_component_ref idref="oc-22"/>
      </symbol>
      <symbol id="sm-5ab">
         <name>free</name>
         <value>0x2d41</value>
         <object_component_ref idref="oc-126"/>
      </symbol>
      <symbol id="sm-5ac">
         <name>realloc</name>
         <value>0x30c9</value>
         <object_component_ref idref="oc-390"/>
      </symbol>
      <symbol id="sm-5ad">
         <name>memalign</name>
         <value>0x2c4d</value>
         <object_component_ref idref="oc-1c5"/>
      </symbol>
      <symbol id="sm-5ae">
         <name>malloc</name>
         <value>0x42a5</value>
         <object_component_ref idref="oc-108"/>
      </symbol>
      <symbol id="sm-5af">
         <name>aligned_alloc</name>
         <value>0x2c4d</value>
         <object_component_ref idref="oc-1c5"/>
      </symbol>
      <symbol id="sm-5d4">
         <name>rand</name>
         <value>0x3fed</value>
         <object_component_ref idref="oc-1d8"/>
      </symbol>
      <symbol id="sm-5d5">
         <name>srand</name>
         <value>0x4129</value>
         <object_component_ref idref="oc-102"/>
      </symbol>
      <symbol id="sm-5e8">
         <name>__stack</name>
         <value>0x20008000</value>
         <object_component_ref idref="oc-25"/>
      </symbol>
      <symbol id="sm-5e9">
         <name>_c_int00_noargs</name>
         <value>0x3fb9</value>
         <object_component_ref idref="oc-6c"/>
      </symbol>
      <symbol id="sm-5f3">
         <name>__abort_execution</name>
         <value>0x42b9</value>
         <object_component_ref idref="oc-384"/>
      </symbol>
      <symbol id="sm-5fd">
         <name>__aeabi_idiv0</name>
         <value>0x36a3</value>
         <object_component_ref idref="oc-305"/>
      </symbol>
      <symbol id="sm-5fe">
         <name>__aeabi_ldiv0</name>
         <value>0x36a3</value>
         <object_component_ref idref="oc-305"/>
      </symbol>
      <symbol id="sm-626">
         <name>__TI_auto_init_nobinit_nopinit</name>
         <value>0x3ef9</value>
         <object_component_ref idref="oc-14b"/>
      </symbol>
      <symbol id="sm-630">
         <name>_system_pre_init</name>
         <value>0x42bd</value>
         <object_component_ref idref="oc-af"/>
      </symbol>
      <symbol id="sm-63c">
         <name>C$$EXIT</name>
         <value>0x42c1</value>
         <object_component_ref idref="oc-13f"/>
      </symbol>
      <symbol id="sm-63d">
         <name>abort</name>
         <value>0x42c1</value>
         <object_component_ref idref="oc-13f"/>
      </symbol>
      <symbol id="sm-652">
         <name>_nop</name>
         <value>0x359f</value>
         <object_component_ref idref="oc-272"/>
      </symbol>
      <symbol id="sm-653">
         <name>_lock</name>
         <value>0x20008420</value>
         <object_component_ref idref="oc-1bd"/>
      </symbol>
      <symbol id="sm-654">
         <name>_unlock</name>
         <value>0x20008424</value>
         <object_component_ref idref="oc-1bd"/>
      </symbol>
      <symbol id="sm-656">
         <name>__TI_static_base__</name>
         <value>0x0</value>
      </symbol>
      <symbol id="sm-659">
         <name>__mpu_init</name>
         <value>0x0</value>
      </symbol>
      <symbol id="sm-65a">
         <name>_system_post_cinit</name>
         <value>0x0</value>
      </symbol>
   </symbol_table>
   <title>Link successful</title>
</link_info>
